=== pylint-dev__pylint-6386 ===
Removing setup.cfg.bak
Removing tests/config/test_short_verbose_option.py
pylint-dev__pylint-6386 -> 100x:ALWAYS_PASS (100/100), iPFlakies:NO_RESULT_FILE
=== sympy__sympy-13757 ===
Removing ipflakies_result/
sympy__sympy-13757 -> 100x:ALWAYS_FAIL (0/100), iPFlakies:SKIPPED
=== django__django-13343 ===
django__django-13343 -> NOT_COMPATIBLE (plain pytest unsupported for django)
=== django__django-16315 ===
django__django-16315 -> NOT_COMPATIBLE (plain pytest unsupported for django)
=== django__django-13128 ===
django__django-13128 -> NOT_COMPATIBLE (plain pytest unsupported for django)
=== django__django-14725 ===
django__django-14725 -> NOT_COMPATIBLE (plain pytest unsupported for django)
=== sphinx-doc__sphinx-8595 ===
Removing ipflakies_result/
sphinx-doc__sphinx-8595 -> 100x:ALWAYS_FAIL (0/100), iPFlakies:NO_RESULT_FILE
=== django__django-15252 ===
django__django-15252 -> NOT_COMPATIBLE (plain pytest unsupported for django)
=== sphinx-doc__sphinx-9658 ===
Removing ipflakies_result/
sphinx-doc__sphinx-9658 -> 100x:ALWAYS_FAIL (0/100), iPFlakies:NO_RESULT_FILE
=== sphinx-doc__sphinx-8593 ===
Removing ipflakies_result/
Removing tests/test_restify_empty_qualname.py
sphinx-doc__sphinx-8593 -> 100x:ALWAYS_FAIL (0/100), iPFlakies:NO_RESULT_FILE
=== django__django-16938 ===
django__django-16938 -> NOT_COMPATIBLE (plain pytest unsupported for django)
=== sympy__sympy-15017 ===
sympy__sympy-15017 -> 100x:ALWAYS_PASS (100/100), iPFlakies:SKIPPED
=== django__django-15382 ===
django__django-15382 -> NOT_COMPATIBLE (plain pytest unsupported for django)
=== scikit-learn__scikit-learn-11578 ===
Removing ipflakies_result/
scikit-learn__scikit-learn-11578 -> 100x:ALWAYS_FAIL (0/100), iPFlakies:SKIPPED
=== sympy__sympy-22914 ===
sympy__sympy-22914 -> 100x:ALWAYS_PASS (100/100), iPFlakies:NO_RESULT_FILE
=== matplotlib__matplotlib-21568 ===
Removing lib/matplotlib/tests/test_hexbin_mincnt.py
matplotlib__matplotlib-21568 -> 100x:ALWAYS_FAIL (0/100), iPFlakies:NOT_COMPATIBLE
=== django__django-16899 ===
=== django__django-12965 ===
django__django-12965 -> NOT_COMPATIBLE (plain pytest unsupported for django)
=== django__django-14765 ===
django__django-14765 -> NOT_COMPATIBLE (plain pytest unsupported for django)
=== django__django-14140 ===
django__django-14140 -> NOT_COMPATIBLE (plain pytest unsupported for django)
=== django__django-15368 ===
django__django-15368 -> NOT_COMPATIBLE (plain pytest unsupported for django)
=== sphinx-doc__sphinx-9367 ===
=== scikit-learn__scikit-learn-12973 ===
Removing sklearn/_loss/_loss.pyx
Removing sklearn/linear_model/_sag_fast.pyx
Removing sklearn/linear_model/_sgd_fast.pyx
Removing sklearn/metrics/_dist_metrics.pxd
Removing sklearn/metrics/_dist_metrics.pyx
Removing sklearn/metrics/_pairwise_distances_reduction/_argkmin.pxd
Removing sklearn/metrics/_pairwise_distances_reduction/_argkmin.pyx
Removing sklearn/metrics/_pairwise_distances_reduction/_argkmin_classmode.pyx
Removing sklearn/metrics/_pairwise_distances_reduction/_base.pxd
Removing sklearn/metrics/_pairwise_distances_reduction/_base.pyx
Removing sklearn/metrics/_pairwise_distances_reduction/_datasets_pair.pxd
Removing sklearn/metrics/_pairwise_distances_reduction/_datasets_pair.pyx
Removing sklearn/metrics/_pairwise_distances_reduction/_middle_term_computer.pxd
Removing sklearn/metrics/_pairwise_distances_reduction/_middle_term_computer.pyx
Removing sklearn/metrics/_pairwise_distances_reduction/_radius_neighbors.pxd
Removing sklearn/metrics/_pairwise_distances_reduction/_radius_neighbors.pyx
Removing sklearn/utils/_seq_dataset.pxd
Removing sklearn/utils/_seq_dataset.pyx
Removing sklearn/utils/_weight_vector.pxd
Removing sklearn/utils/_weight_vector.pyx
scikit-learn__scikit-learn-12973 -> 100x:ALWAYS_FAIL (0/100), iPFlakies:SKIPPED
=== sphinx-doc__sphinx-10435 ===
=== scikit-learn__scikit-learn-9288 ===
scikit-learn__scikit-learn-9288 -> 100x:ALWAYS_FAIL (0/100), iPFlakies:SKIPPED
=== scikit-learn__scikit-learn-13142 ===
scikit-learn__scikit-learn-13142 -> 100x:ALWAYS_FAIL (0/100), iPFlakies:SKIPPED
=== scikit-learn__scikit-learn-10844 ===
scikit-learn__scikit-learn-10844 -> 100x:ALWAYS_FAIL (0/100), iPFlakies:SKIPPED
=== django__django-12741 ===
=== django__django-11138 ===
django__django-11138 -> NOT_COMPATIBLE (plain pytest unsupported for django)
=== django__django-16485 ===
django__django-16485 -> NOT_COMPATIBLE (plain pytest unsupported for django)
=== django__django-14017 ===
django__django-14017 -> NOT_COMPATIBLE (plain pytest unsupported for django)
=== pydata__xarray-4966 ===
Removing ipflakies_result/
pydata__xarray-4966 -> 100x:ALWAYS_PASS (100/100), iPFlakies:NO_RESULT_FILE
=== django__django-11099 ===
django__django-11099 -> NOT_COMPATIBLE (plain pytest unsupported for django)
=== django__django-11087 ===
django__django-11087 -> NOT_COMPATIBLE (plain pytest unsupported for django)
=== sympy__sympy-18199 ===
=== django__django-15098 ===
django__django-15098 -> NOT_COMPATIBLE (plain pytest unsupported for django)
=== sympy__sympy-13480 ===
Removing ipflakies_result/
sympy__sympy-13480 -> 100x:ALWAYS_FAIL (0/100), iPFlakies:SKIPPED
=== sympy__sympy-17139 ===
sympy__sympy-17139 -> 100x:ALWAYS_PASS (100/100), iPFlakies:NO_RESULT_FILE
=== matplotlib__matplotlib-24026 ===
Removing lib/matplotlib/tests/test_dates_usetex_wrap.py
matplotlib__matplotlib-24026 -> 100x:ALWAYS_FAIL (0/100), iPFlakies:NOT_COMPATIBLE
=== scikit-learn__scikit-learn-25102 ===
scikit-learn__scikit-learn-25102 -> 100x:ALWAYS_FAIL (0/100), iPFlakies:NO_RESULT_FILE
=== django__django-11555 ===
django__django-11555 -> NOT_COMPATIBLE (plain pytest unsupported for django)
=== django__django-13406 ===
django__django-13406 -> NOT_COMPATIBLE (plain pytest unsupported for django)
=== django__django-14792 ===
django__django-14792 -> NOT_COMPATIBLE (plain pytest unsupported for django)
=== mwaskom__seaborn-3187 ===
Removing tests/_core/test_nominal_axes.py
mwaskom__seaborn-3187 -> 100x:ALWAYS_FAIL (0/100), iPFlakies:SKIPPED
=== sympy__sympy-15809 ===
=== psf__requests-2931 ===
Removing test_method_bytes.py
psf__requests-2931 -> 100x:ALWAYS_FAIL (0/100), iPFlakies:SKIPPED
=== django__django-14631 ===
=== pytest-dev__pytest-5787 ===
Removing ipflakies_result/
Removing testing/test_capfd_cr.py
pytest-dev__pytest-5787 -> 100x:ALWAYS_FAIL (0/100), iPFlakies:NO_RESULT_FILE
=== django__django-13513 ===
django__django-13513 -> NOT_COMPATIBLE (plain pytest unsupported for django)
=== django__django-12155 ===
django__django-12155 -> NOT_COMPATIBLE (plain pytest unsupported for django)
=== django__django-12039 ===
django__django-12039 -> NOT_COMPATIBLE (plain pytest unsupported for django)
=== sympy__sympy-14248 ===
Removing ipflakies_result/
sympy__sympy-14248 -> 100x:ALWAYS_FAIL (0/100), iPFlakies:SKIPPED
=== django__django-11119 ===
django__django-11119 -> NOT_COMPATIBLE (plain pytest unsupported for django)
=== pydata__xarray-4695 ===
Removing ipflakies_result/
pydata__xarray-4695 -> 100x:ALWAYS_FAIL (0/100), iPFlakies:NO_RESULT_FILE
=== django__django-15022 ===
django__django-15022 -> NOT_COMPATIBLE (plain pytest unsupported for django)
=== matplotlib__matplotlib-20676 ===
Removing lib/matplotlib/tests/test_stackplot_cycler_behavior.py
matplotlib__matplotlib-20676 -> 100x:ALWAYS_FAIL (0/100), iPFlakies:NOT_COMPATIBLE
=== sympy__sympy-15349 ===
=== django__django-15375 ===
django__django-15375 -> NOT_COMPATIBLE (plain pytest unsupported for django)
=== django__django-15554 ===
django__django-15554 -> NOT_COMPATIBLE (plain pytest unsupported for django)
=== django__django-10097 ===
django__django-10097 -> NOT_COMPATIBLE (plain pytest unsupported for django)
=== django__django-15732 ===
django__django-15732 -> NOT_COMPATIBLE (plain pytest unsupported for django)
=== django__django-14089 ===
django__django-14089 -> NOT_COMPATIBLE (plain pytest unsupported for django)
=== astropy__astropy-13579 ===
Removing astropy/units/tests/test_quantity_float16.py
Removing ipflakies_result/
astropy__astropy-13579 -> 100x:ALWAYS_FAIL (0/100), iPFlakies:NO_RESULT_FILE
=== django__django-13417 ===
django__django-13417 -> NOT_COMPATIBLE (plain pytest unsupported for django)
=== django__django-11964 ===
django__django-11964 -> NOT_COMPATIBLE (plain pytest unsupported for django)
=== django__django-14434 ===
django__django-14434 -> NOT_COMPATIBLE (plain pytest unsupported for django)
=== django__django-16333 ===
django__django-16333 -> NOT_COMPATIBLE (plain pytest unsupported for django)
=== sphinx-doc__sphinx-7590 ===
=== django__django-11066 ===
django__django-11066 -> NOT_COMPATIBLE (plain pytest unsupported for django)
=== django__django-15128 ===
django__django-15128 -> NOT_COMPATIBLE (plain pytest unsupported for django)
=== astropy__astropy-14995 ===
Removing astropy/modeling/src/wcsconfig.h
Removing ipflakies_result/
astropy__astropy-14995 -> 100x:ALWAYS_FAIL (0/100), iPFlakies:NO_RESULT_FILE
=== scikit-learn__scikit-learn-14629 ===
Removing ipflakies_result/
Removing sklearn/tests/test_set_output_preserve_dtypes.py
scikit-learn__scikit-learn-14629 -> 100x:ALWAYS_FAIL (0/100), iPFlakies:SKIPPED
=== sympy__sympy-13091 ===
Removing sympy/printing/tests/test_matrix_subtraction_printers.py
sympy__sympy-13091 -> 100x:ALWAYS_FAIL (0/100), iPFlakies:SKIPPED
=== django__django-14034 ===
django__django-14034 -> NOT_COMPATIBLE (plain pytest unsupported for django)
=== sympy__sympy-13852 ===
Removing sympy/core/tests/test_basic_notimplemented_comparison.py
sympy__sympy-13852 -> 100x:ALWAYS_FAIL (0/100), iPFlakies:SKIPPED
=== sympy__sympy-23413 ===
Removing sympy/functions/special/tests/test_polylog_issue4033.py
sympy__sympy-23413 -> 100x:ALWAYS_PASS (100/100), iPFlakies:NO_RESULT_FILE
=== astropy__astropy-14539 ===
Removing astropy/nddata/tests/test_mask_propagation.py
Removing ipflakies_result/
astropy__astropy-14539 -> 100x:ALWAYS_FAIL (0/100), iPFlakies:NO_RESULT_FILE
=== django__django-13121 ===
django__django-13121 -> NOT_COMPATIBLE (plain pytest unsupported for django)
=== sympy__sympy-13551 ===
Removing ipflakies_result/
sympy__sympy-13551 -> 100x:ALWAYS_FAIL (0/100), iPFlakies:SKIPPED
=== django__django-12308 ===
django__django-12308 -> NOT_COMPATIBLE (plain pytest unsupported for django)
=== django__django-16493 ===
django__django-16493 -> NOT_COMPATIBLE (plain pytest unsupported for django)
=== pytest-dev__pytest-5262 ===
Removing ipflakies_result/
pytest-dev__pytest-5262 -> 100x:ALWAYS_PASS (100/100), iPFlakies:NO_RESULT_FILE
=== django__django-10999 ===
django__django-10999 -> NOT_COMPATIBLE (plain pytest unsupported for django)
=== pylint-dev__pylint-4551 ===
Removing ipflakies_result/
Removing tests/config/test_short_verbose_option.py
pylint-dev__pylint-4551 -> 100x:ALWAYS_PASS (100/100), iPFlakies:NO_RESULT_FILE
=== pytest-dev__pytest-7205 ===
Removing ipflakies_result/
Removing testing/test_capture_mode_advertises_text.py
pytest-dev__pytest-7205 -> 100x:ALWAYS_FAIL (0/100), iPFlakies:NO_RESULT_FILE
=== astropy__astropy-13033 ===
Removing ipflakies_result/
astropy__astropy-13033 -> 100x:ALWAYS_FAIL (0/100), iPFlakies:NO_RESULT_FILE
=== astropy__astropy-13453 ===
Removing astropy/timeseries/tests/test_required_columns_message.py
Removing ipflakies_result/
astropy__astropy-13453 -> 100x:ALWAYS_FAIL (0/100), iPFlakies:NO_RESULT_FILE
=== matplotlib__matplotlib-20859 ===
matplotlib__matplotlib-20859 -> 100x:ALWAYS_FAIL (0/100), iPFlakies:NOT_COMPATIBLE
=== astropy__astropy-14365 ===
Removing ipflakies_result/
astropy__astropy-14365 -> 100x:ALWAYS_FAIL (0/100), iPFlakies:NO_RESULT_FILE
=== django__django-15127 ===
django__django-15127 -> NOT_COMPATIBLE (plain pytest unsupported for django)
=== pydata__xarray-6721 ===
Removing ipflakies_result/
Removing xarray/tests/test_loc_method_dimension.py
pydata__xarray-6721 -> 100x:ALWAYS_PASS (100/100), iPFlakies:NO_RESULT_FILE
=== django__django-12858 ===
django__django-12858 -> NOT_COMPATIBLE (plain pytest unsupported for django)
=== sphinx-doc__sphinx-8265 ===
Removing ipflakies_result/
Removing tests/roots/test-ext-autodoc/target/variable_meta.py
Removing tests/test_ext_autodoc_meta_public_variable.py
sphinx-doc__sphinx-8265 -> 100x:ALWAYS_FAIL (0/100), iPFlakies:NO_RESULT_FILE
=== django__django-15569 ===
django__django-15569 -> NOT_COMPATIBLE (plain pytest unsupported for django)
=== pytest-dev__pytest-6202 ===
Removing ipflakies_result/
pytest-dev__pytest-6202 -> 100x:ALWAYS_FAIL (0/100), iPFlakies:NO_RESULT_FILE
=== psf__requests-1766 ===
Removing test_regression_binary_payload.py
psf__requests-1766 -> 100x:ALWAYS_FAIL (0/100), iPFlakies:SKIPPED
=== django__django-14608 ===
django__django-14608 -> NOT_COMPATIBLE (plain pytest unsupported for django)
=== django__django-14376 ===
django__django-14376 -> NOT_COMPATIBLE (plain pytest unsupported for django)
=== pydata__xarray-6992 ===
Removing ipflakies_result/
Removing xarray/tests/test_lazy_backend_chunks.py
pydata__xarray-6992 -> 100x:ALWAYS_PASS (100/100), iPFlakies:NO_RESULT_FILE
=== django__django-11490 ===
django__django-11490 -> NOT_COMPATIBLE (plain pytest unsupported for django)
=== pylint-dev__pylint-4661 ===
Removing ipflakies_result/
Removing tests/unittest_pyreverse_type_hints.py
pylint-dev__pylint-4661 -> 100x:ALWAYS_FAIL (0/100), iPFlakies:NO_RESULT_FILE
=== astropy__astropy-7606 ===
Removing ipflakies_result/
M	astropy_helpers
astropy__astropy-7606 -> 100x:ALWAYS_FAIL (0/100), iPFlakies:NO_RESULT_FILE
=== sympy__sympy-16766 ===
Removing sympy/concrete/tests/test_product_additive_regression.py
sympy__sympy-16766 -> 100x:ALWAYS_FAIL (0/100), iPFlakies:NO_RESULT_FILE
=== django__django-14752 ===
django__django-14752 -> NOT_COMPATIBLE (plain pytest unsupported for django)
=== django__django-11451 ===
django__django-11451 -> NOT_COMPATIBLE (plain pytest unsupported for django)
=== sympy__sympy-17318 ===
Removing ipflakies_result/
sympy__sympy-17318 -> 100x:ALWAYS_FAIL (0/100), iPFlakies:NO_RESULT_FILE
=== django__django-16082 ===
django__django-16082 -> NOT_COMPATIBLE (plain pytest unsupported for django)
=== django__django-14771 ===
django__django-14771 -> NOT_COMPATIBLE (plain pytest unsupported for django)
=== pytest-dev__pytest-8399 ===
Removing ipflakies_result/
Removing testing/test_head_line_parametrize.py
pytest-dev__pytest-8399 -> 100x:ALWAYS_PASS (100/100), iPFlakies:NO_RESULT_FILE
=== pytest-dev__pytest-6197 ===
Removing ipflakies_result/
pytest-dev__pytest-6197 -> 100x:ALWAYS_FAIL (0/100), iPFlakies:NO_RESULT_FILE
=== sympy__sympy-13615 ===
Removing ipflakies_result/
sympy__sympy-13615 -> 100x:ALWAYS_FAIL (0/100), iPFlakies:SKIPPED
=== sympy__sympy-12096 ===
sympy__sympy-12096 -> 100x:ALWAYS_FAIL (0/100), iPFlakies:SKIPPED
=== sympy__sympy-19783 ===
=== astropy__astropy-14369 ===
Removing astropy/units/tests/test_unrecognized_unit.py
Removing ipflakies_result/
astropy__astropy-14369 -> 100x:ALWAYS_FAIL (0/100), iPFlakies:NO_RESULT_FILE
=== astropy__astropy-7671 ===
Removing ipflakies_result/
M	astropy_helpers
astropy__astropy-7671 -> 100x:ALWAYS_FAIL (0/100), iPFlakies:NO_RESULT_FILE
=== django__django-15280 ===
django__django-15280 -> NOT_COMPATIBLE (plain pytest unsupported for django)
=== django__django-14311 ===
django__django-14311 -> NOT_COMPATIBLE (plain pytest unsupported for django)
=== pytest-dev__pytest-7324 ===
Removing ipflakies_result/
Removing testing/test_pkg_init_collection_regression.py
pytest-dev__pytest-7324 -> 100x:ALWAYS_PASS (100/100), iPFlakies:NO_RESULT_FILE
=== django__django-12708 ===
django__django-12708 -> NOT_COMPATIBLE (plain pytest unsupported for django)
=== django__django-11728 ===
=== django__django-13809 ===
django__django-13809 -> NOT_COMPATIBLE (plain pytest unsupported for django)
=== matplotlib__matplotlib-24627 ===
Removing lib/matplotlib/tests/test_subfigure_legend.py
matplotlib__matplotlib-24627 -> 100x:ALWAYS_FAIL (0/100), iPFlakies:NOT_COMPATIBLE
=== django__django-14122 ===
django__django-14122 -> NOT_COMPATIBLE (plain pytest unsupported for django)
=== pylint-dev__pylint-7277 ===
Removing ipflakies_result/
pylint-dev__pylint-7277 -> 100x:ALWAYS_FAIL (0/100), iPFlakies:NO_RESULT_FILE
=== django__django-11815 ===
=== scikit-learn__scikit-learn-12585 ===
Removing sklearn/_loss/_loss.pyx
Removing sklearn/linear_model/_sag_fast.pyx
Removing sklearn/metrics/_dist_metrics.pxd
Removing sklearn/metrics/_dist_metrics.pyx
Removing sklearn/metrics/_pairwise_distances_reduction/_argkmin.pxd
Removing sklearn/metrics/_pairwise_distances_reduction/_argkmin.pyx
Removing sklearn/metrics/_pairwise_distances_reduction/_base.pxd
Removing sklearn/metrics/_pairwise_distances_reduction/_base.pyx
Removing sklearn/metrics/_pairwise_distances_reduction/_datasets_pair.pxd
Removing sklearn/metrics/_pairwise_distances_reduction/_datasets_pair.pyx
Removing sklearn/metrics/_pairwise_distances_reduction/_middle_term_computer.pxd
Removing sklearn/metrics/_pairwise_distances_reduction/_middle_term_computer.pyx
Removing sklearn/metrics/_pairwise_distances_reduction/_radius_neighbors.pxd
Removing sklearn/metrics/_pairwise_distances_reduction/_radius_neighbors.pyx
Removing sklearn/utils/_seq_dataset.pxd
Removing sklearn/utils/_seq_dataset.pyx
Removing sklearn/utils/_weight_vector.pxd
Removing sklearn/utils/_weight_vector.pyx
scikit-learn__scikit-learn-12585 -> 100x:ALWAYS_FAIL (0/100), iPFlakies:SKIPPED
=== pytest-dev__pytest-10051 ===
Removing ipflakies_result/
Removing testing/test_mark_expression_reserved_names.py
pytest-dev__pytest-10051 -> 100x:ALWAYS_PASS (100/100), iPFlakies:0
=== django__django-11532 ===
django__django-11532 -> NOT_COMPATIBLE (plain pytest unsupported for django)
=== django__django-15973 ===
django__django-15973 -> NOT_COMPATIBLE (plain pytest unsupported for django)
=== scikit-learn__scikit-learn-14053 ===
scikit-learn__scikit-learn-14053 -> 100x:ALWAYS_FAIL (0/100), iPFlakies:SKIPPED
=== sphinx-doc__sphinx-7748 ===
Removing ipflakies_result/
sphinx-doc__sphinx-7748 -> 100x:ALWAYS_FAIL (0/100), iPFlakies:NO_RESULT_FILE
=== django__django-13964 ===
django__django-13964 -> NOT_COMPATIBLE (plain pytest unsupported for django)
=== scikit-learn__scikit-learn-10297 ===
scikit-learn__scikit-learn-10297 -> 100x:ALWAYS_FAIL (0/100), iPFlakies:SKIPPED
=== django__django-16631 ===
django__django-16631 -> NOT_COMPATIBLE (plain pytest unsupported for django)
=== django__django-11206 ===
django__django-11206 -> NOT_COMPATIBLE (plain pytest unsupported for django)
=== matplotlib__matplotlib-23299 ===
Removing lib/matplotlib/tests/test_clear_deparent.py
matplotlib__matplotlib-23299 -> 100x:ALWAYS_FAIL (0/100), iPFlakies:NOT_COMPATIBLE
=== pylint-dev__pylint-4604 ===
Removing ipflakies_result/
Removing tests/test_modify_sys_path_custom_entry.py
pylint-dev__pylint-4604 -> 100x:ALWAYS_FAIL (0/100), iPFlakies:0
=== django__django-14170 ===
django__django-14170 -> NOT_COMPATIBLE (plain pytest unsupported for django)
=== matplotlib__matplotlib-25332 ===
Removing lib/matplotlib/tests/test_rc_context_backend.py
matplotlib__matplotlib-25332 -> 100x:ALWAYS_FAIL (0/100), iPFlakies:NOT_COMPATIBLE
=== astropy__astropy-8707 ===
Removing astropy/utils/tests/test_minversion_dev.py
Removing ipflakies_result/
M	astropy_helpers
astropy__astropy-8707 -> 100x:ALWAYS_FAIL (0/100), iPFlakies:NO_RESULT_FILE
=== django__django-15916 ===
django__django-15916 -> NOT_COMPATIBLE (plain pytest unsupported for django)
=== sympy__sympy-13031 ===
Removing sympy/core/tests/test_implemented_function_evalf_composition.py
sympy__sympy-13031 -> 100x:ALWAYS_FAIL (0/100), iPFlakies:SKIPPED
=== sphinx-doc__sphinx-11510 ===
Removing ipflakies_result/
sphinx-doc__sphinx-11510 -> 100x:ALWAYS_FAIL (0/100), iPFlakies:0
=== astropy__astropy-14598 ===
Removing astropy/io/fits/tests/test_fromstring_bytes.py
Removing ipflakies_result/
astropy__astropy-14598 -> 100x:ALWAYS_FAIL (0/100), iPFlakies:NO_RESULT_FILE
=== pydata__xarray-7229 ===
Removing ipflakies_result/
Removing xarray/tests/test_reset_index_stale_coord_names.py
pydata__xarray-7229 -> 100x:ALWAYS_PASS (100/100), iPFlakies:0
=== django__django-14349 ===
django__django-14349 -> NOT_COMPATIBLE (plain pytest unsupported for django)
=== scikit-learn__scikit-learn-13779 ===
scikit-learn__scikit-learn-13779 -> 100x:ALWAYS_FAIL (0/100), iPFlakies:SKIPPED
=== django__django-13346 ===
django__django-13346 -> NOT_COMPATIBLE (plain pytest unsupported for django)
=== django__django-15930 ===
django__django-15930 -> NOT_COMPATIBLE (plain pytest unsupported for django)
=== sympy__sympy-20428 ===
sympy__sympy-20428 -> 100x:ALWAYS_FAIL (0/100), iPFlakies:0
=== django__django-11095 ===
django__django-11095 -> NOT_COMPATIBLE (plain pytest unsupported for django)
=== matplotlib__matplotlib-26291 ===
matplotlib__matplotlib-26291 -> 100x:ALWAYS_FAIL (0/100), iPFlakies:NOT_COMPATIBLE
=== matplotlib__matplotlib-25960 ===
Removing lib/mpl_toolkits/axes_grid1/tests/test_inset_axes_renderer_none.py
matplotlib__matplotlib-25960 -> 100x:ALWAYS_FAIL (0/100), iPFlakies:NOT_COMPATIBLE
=== sphinx-doc__sphinx-10614 ===
Removing cache/
Removing ipflakies_result/
Removing tests/roots/test-include-source-read/
Removing tests/test_include_source_read.py
sphinx-doc__sphinx-10614 -> 100x:ALWAYS_FAIL (0/100), iPFlakies:0
=== django__django-11734 ===
django__django-11734 -> NOT_COMPATIBLE (plain pytest unsupported for django)
=== django__django-13516 ===
django__django-13516 -> NOT_COMPATIBLE (plain pytest unsupported for django)
=== django__django-17087 ===
django__django-17087 -> NOT_COMPATIBLE (plain pytest unsupported for django)
=== sympy__sympy-21612 ===
Removing cache/
Removing ipflakies_result/
sympy__sympy-21612 -> 100x:ALWAYS_PASS (100/100), iPFlakies:0
=== sphinx-doc__sphinx-9602 ===
Removing cache/
Removing ipflakies_result/
Removing tests/roots/test-ext-inheritance_diagram-nested/
Removing tests/test_ext_inheritance_diagram_svg_links.py
sphinx-doc__sphinx-9602 -> 100x:ALWAYS_FAIL (0/100), iPFlakies:0
=== sphinx-doc__sphinx-7985 ===
Removing cache/
Removing ipflakies_result/
sphinx-doc__sphinx-7985 -> 100x:ALWAYS_FAIL (0/100), iPFlakies:NO_RESULT_FILE
=== scikit-learn__scikit-learn-12682 ===
scikit-learn__scikit-learn-12682 -> 100x:ALWAYS_FAIL (0/100), iPFlakies:SKIPPED
=== psf__requests-1724 ===
Removing test_digest_qop_quoted.py
psf__requests-1724 -> 100x:ALWAYS_FAIL (0/100), iPFlakies:SKIPPED
=== django__django-16256 ===
=== scikit-learn__scikit-learn-25747 ===
Removing sklearn/tests/test_sparsecoder_max_iter.py
