### ND: org.json.JSONObject
  JSONObject_query_82_0_Test: 100 pass / 0 fail (of 100)
  JSONObject_optFloat_47_0_Test: 100 pass / 0 fail (of 100)
  JSONObject_getBigInteger_7_0_Test: 100 pass / 0 fail (of 100)
  JSONObject_optFloatObject_48_0_Test: 100 pass / 0 fail (of 100)
  JSONObject_getEnum_5_0_Test: 100 pass / 0 fail (of 100)
  JSONObject_remove_88_0_Test: 100 pass / 0 fail (of 100)
  JSONObject_optString_64_0_Test: 100 pass / 0 fail (of 100)
  JSONObject_get_4_0_Test: 100 pass / 0 fail (of 100)
  JSONObject_getBigDecimal_8_0_Test: 100 pass / 0 fail (of 100)
  JSONObject_getFloat_10_0_Test: 100 pass / 0 fail (of 100)
  JSONObject_getInt_12_0_Test: 100 pass / 0 fail (of 100)
  JSONObject_optFloat_46_0_Test: 100 pass / 0 fail (of 100)
  JSONObject_put_74_0_Test: 100 pass / 0 fail (of 100)
  JSONObject_keySet_23_0_Test: 100 pass / 0 fail (of 100)
  JSONObject_getBoolean_6_0_Test: 100 pass / 0 fail (of 100)
  JSONObject_put_75_0_Test: 100 pass / 0 fail (of 100)
  JSONObject_getJSONArray_13_0_Test: 100 pass / 0 fail (of 100)
  JSONObject_keys_22_0_Test: 100 pass / 0 fail (of 100)
  JSONObject_doubleToString_3_0_Test: 100 pass / 0 fail (of 100)
  JSONObject_getJSONObject_14_0_Test: 100 pass / 0 fail (of 100)
  JSONObject_optBoolean_34_0_Test: 100 pass / 0 fail (of 100)
  JSONObject_optEnum_31_0_Test: 100 pass / 0 fail (of 100)
  JSONObject_optFloatObject_49_0_Test: 100 pass / 0 fail (of 100)
  JSONObject_wrap_103_0_Test: 100 pass / 0 fail (of 100)
ND-ROW: JSONObject  ND:0  detail:[]
### ND: com.fasterxml.classmate.ResolvedType
  ResolvedType_canCreateSubtypes_0_0_Test: 100 pass / 0 fail (of 100)
  ResolvedType_appendSignature_28_3_Test: 100 pass / 0 fail (of 100)
  ResolvedType_findSupertype_10_1_Test: 100 pass / 0 fail (of 100)
  ResolvedType_isInstanceOf_16_1_Test: 100 pass / 0 fail (of 100)
  ResolvedType_appendErasedSignature_29_1_Test: 100 pass / 0 fail (of 100)
ND-ROW: ResolvedType  ND:0  detail:[]
### ND: com.networknt.schema.CollectorContext
  CollectorContext_combineWithCollector_5_0_Test: 100 pass / 0 fail (of 100)
  CollectorContext_add_2_0_Test: 100 pass / 0 fail (of 100)
  CollectorContext_reset_6_0_Test: 100 pass / 0 fail (of 100)
  CollectorContext_add_1_0_Test: 100 pass / 0 fail (of 100)
ND-ROW: CollectorContext  ND:0  detail:[]
### ND: com.lazerycode.jmeter.json.TestConfiguration
  TestConfiguration_hashCode_16_0_Test: 100 pass / 0 fail (of 100)
ND-ROW: TestConfiguration  ND:0  detail:[]
### ND: com.sap.charging.model.FuseTree
  FuseTree_refreshFuseTreeNodeParents_5_0_Test: 100 pass / 0 fail (of 100)
  FuseTree_equals_12_0_Test: 100 pass / 0 fail (of 100)
ND-ROW: FuseTree  ND:0  detail:[]
### ND: org.datadog.jmeter.plugins.DatadogBackendClient
  DatadogBackendClient_handleSampleResults_4_1_Test: 100 pass / 0 fail (of 100)
  DatadogBackendClient_run_0_0_Test: 100 pass / 0 fail (of 100)
ND-ROW: DatadogBackendClient  ND:0  detail:[]
### ND: com.sap.oss.phosphor.fosstars.data.artifact.VulnerabilitiesFromOwaspDependencyCheck
  VulnerabilitiesFromOwaspDependencyCheck_update_5_0_Test: 100 pass / 0 fail (of 100)
  VulnerabilitiesFromOwaspDependencyCheck_interactive_0_0_Test: 100 pass / 0 fail (of 100)
  VulnerabilitiesFromOwaspDependencyCheck_supportedFeatures_6_0_Test: 100 pass / 0 fail (of 100)
  VulnerabilitiesFromOwaspDependencyCheck_cache_1_0_Test: 100 pass / 0 fail (of 100)
ND-ROW: VulnerabilitiesFromOwaspDependencyCheck  ND:0  detail:[]
### ND: net.snowflake.client.jdbc.SnowflakeConnectionV1
### ND: org.bytedeco.javacpp.indexer.ULongIndexer
  ULongIndexer_create_3_0_Test: 100 pass / 0 fail (of 100)
  ULongIndexer_create_9_0_Test: 100 pass / 0 fail (of 100)
  ULongIndexer_create_10_0_Test: 100 pass / 0 fail (of 100)
  ULongIndexer_get_21_0_Test: 100 pass / 0 fail (of 100)
  ULongIndexer_toBigInteger_14_0_Test: 100 pass / 0 fail (of 100)
  ULongIndexer_create_0_0_Test: 100 pass / 0 fail (of 100)
  ULongIndexer_get_18_0_Test: 100 pass / 0 fail (of 100)
  ULongIndexer_create_12_0_Test: 100 pass / 0 fail (of 100)
  ULongIndexer_fromBigInteger_15_0_Test: 100 pass / 0 fail (of 100)
  ULongIndexer_create_1_0_Test: 100 pass / 0 fail (of 100)
ND-ROW: ULongIndexer  ND:0  detail:[]
### ND: co.streamx.fluent.JPA.util.ScopedArrayList
  ScopedArrayList_containsAll_5_0_Test: 100 pass / 0 fail (of 100)
  ScopedArrayList_lastIndexOf_16_0_Test: 100 pass / 0 fail (of 100)
  ScopedArrayList_size_1_0_Test: 100 pass / 0 fail (of 100)
  ScopedArrayList_addAll_6_0_Test: 100 pass / 0 fail (of 100)
ND-ROW: ScopedArrayList  ND:0  detail:[]
ND DONE — /home/dev4nshik/srse-research/nd_results.md
