[[1;34mINFO[m] Scanning for projects...
[[1;34mINFO[m] Inspecting build with total of 1 modules...
[[1;34mINFO[m] Installing Nexus Staging features:
[[1;34mINFO[m]   ... total of 1 executions of maven-deploy-plugin replaced with nexus-staging-maven-plugin
[[1;34mINFO[m] 
[[1;34mINFO[m] [1m--------------------< [0;36mco.streamx.fluent:fluent-jpa[0;1m >--------------------[m
[[1;34mINFO[m] [1mBuilding Java Fluent JPA 1.2.2-SNAPSHOT[m
[[1;34mINFO[m]   from pom.xml
[[1;34mINFO[m] [1m--------------------------------[ jar ]---------------------------------[m
[[1;34mINFO[m] 
[[1;34mINFO[m] [1m>>> [0;32mnondex:2.1.1:nondex[m [1m(default-cli)[0;1m > [0;1mtest-compile[m @ [36mfluent-jpa[0;1m >>>[m
[[1;34mINFO[m] 
[[1;34mINFO[m] [1m--- [0;32mresources:3.3.1:resources[m [1m(default-resources)[m @ [36mfluent-jpa[0;1m ---[m
[[1;34mINFO[m] Copying 3 resources from src/main/resources to target/classes
[[1;34mINFO[m] 
[[1;34mINFO[m] [1m--- [0;32mcompiler:3.8.1:compile[m [1m(default-compile)[m @ [36mfluent-jpa[0;1m ---[m
[[1;34mINFO[m] Changes detected - recompiling the module!
[[1;34mINFO[m] Compiling 28 source files to /home/dev4nshik/srse-java/FluentJPA=.=4faabd6.dir/FluentJPA=.=4faabd6/Flaky/target/classes
[[1;34mINFO[m] /home/dev4nshik/srse-java/FluentJPA=.=4faabd6.dir/FluentJPA=.=4faabd6/Flaky/src/main/java/co/streamx/fluent/JPA/FluentQueryImpl.java: Some input files use or override a deprecated API.
[[1;34mINFO[m] /home/dev4nshik/srse-java/FluentJPA=.=4faabd6.dir/FluentJPA=.=4faabd6/Flaky/src/main/java/co/streamx/fluent/JPA/FluentQueryImpl.java: Recompile with -Xlint:deprecation for details.
[[1;34mINFO[m] 
[[1;34mINFO[m] [1m--- [0;32mresources:3.3.1:testResources[m [1m(default-testResources)[m @ [36mfluent-jpa[0;1m ---[m
[[1;34mINFO[m] Copying 12 resources from src/test/resources to target/test-classes
[[1;34mINFO[m] 
[[1;34mINFO[m] [1m--- [0;32mcompiler:3.8.1:testCompile[m [1m(default-testCompile)[m @ [36mfluent-jpa[0;1m ---[m
[[1;34mINFO[m] Changes detected - recompiling the module!
[[1;34mINFO[m] Compiling 5 source files to /home/dev4nshik/srse-java/FluentJPA=.=4faabd6.dir/FluentJPA=.=4faabd6/Flaky/target/test-classes
[[1;34mINFO[m] /home/dev4nshik/srse-java/FluentJPA=.=4faabd6.dir/FluentJPA=.=4faabd6/Flaky/src/test/java/co/streamx/fluent/JPA/util/ScopedHashSet_containsAll_1_0_Test.java: /home/dev4nshik/srse-java/FluentJPA=.=4faabd6.dir/FluentJPA=.=4faabd6/Flaky/src/test/java/co/streamx/fluent/JPA/util/ScopedHashSet_containsAll_1_0_Test.java uses unchecked or unsafe operations.
[[1;34mINFO[m] /home/dev4nshik/srse-java/FluentJPA=.=4faabd6.dir/FluentJPA=.=4faabd6/Flaky/src/test/java/co/streamx/fluent/JPA/util/ScopedHashSet_containsAll_1_0_Test.java: Recompile with -Xlint:unchecked for details.
[[1;34mINFO[m] 
[[1;34mINFO[m] [1m<<< [0;32mnondex:2.1.1:nondex[m [1m(default-cli)[0;1m < [0;1mtest-compile[m @ [36mfluent-jpa[0;1m <<<[m
[[1;34mINFO[m] 
[[1;34mINFO[m] 
[[1;34mINFO[m] [1m--- [0;32mnondex:2.1.1:nondex[m [1m(default-cli)[m @ [36mfluent-jpa[0;1m ---[m
INFO: The original argline is: 
INFO: Creating new argline for Surefire
CONFIG: nondexFilter=.*
nondexMode=FULL
nondexSeed=933178
nondexStart=0
nondexEnd=9223372036854775807
nondexPrintstack=false
nondexDir=/home/dev4nshik/srse-java/FluentJPA=.=4faabd6.dir/FluentJPA=.=4faabd6/Flaky/.nondex
nondexJarDir=.nondex
nondexExecid=clean_BbYkozx4HVzsh4MINDkh1IL5UclJRl3Flrguy8qRUMg=
nondexLogging=CONFIG
test=
[[1;33mWARNING[m]  Parameter 'disableXmlReport' (user property 'disableXmlReport') is deprecated: No reason given
[[1;34mINFO[m] Using configured provider org.apache.maven.surefire.junitplatform.JUnitPlatformProvider
[[1;34mINFO[m] 
[[1;34mINFO[m] -------------------------------------------------------
[[1;34mINFO[m]  T E S T S
[[1;34mINFO[m] -------------------------------------------------------
[[1;34mINFO[m] Running co.streamx.fluent.JPA.util.[1mScopedHashSet_size_2_0_Test[m
[[1;34mINFO[m] [1;32mTests run: [0;1;32m2[m, Failures: 0, Errors: 0, Skipped: 0, Time elapsed: 0.032 s -- in co.streamx.fluent.JPA.util.[1mScopedHashSet_size_2_0_Test[m
[[1;34mINFO[m] Running co.streamx.fluent.JPA.util.[1mScopedHashSet_containsAll_1_0_Test[m
[[1;34mINFO[m] [1;32mTests run: [0;1;32m4[m, Failures: 0, Errors: 0, Skipped: 0, Time elapsed: 0.054 s -- in co.streamx.fluent.JPA.util.[1mScopedHashSet_containsAll_1_0_Test[m
[[1;34mINFO[m] Running co.streamx.fluent.JPA.util.[1mScopedHashSet_retainAll_9_0_Test[m
[[1;34mINFO[m] [1;32mTests run: [0;1;32m2[m, Failures: 0, Errors: 0, Skipped: 0, Time elapsed: 0.007 s -- in co.streamx.fluent.JPA.util.[1mScopedHashSet_retainAll_9_0_Test[m
[[1;34mINFO[m] Running co.streamx.fluent.JPA.util.[1mScopedHashSet_equals_11_0_Test[m
[[1;34mINFO[m] [1;32mTests run: [0;1;32m1[m, Failures: 0, Errors: 0, Skipped: 0, Time elapsed: 0.008 s -- in co.streamx.fluent.JPA.util.[1mScopedHashSet_equals_11_0_Test[m
[[1;34mINFO[m] Running co.streamx.fluent.JPA.util.[1mScopedHashSet_contains_0_0_Test[m
[[1;34mINFO[m] [1;32mTests run: [0;1;32m4[m, Failures: 0, Errors: 0, Skipped: 0, Time elapsed: 0.008 s -- in co.streamx.fluent.JPA.util.[1mScopedHashSet_contains_0_0_Test[m
[[1;34mINFO[m] 
[[1;34mINFO[m] Results:
[[1;34mINFO[m] 
[[1;34mINFO[m] [1;32mTests run: 13, Failures: 0, Errors: 0, Skipped: 0[m
[[1;34mINFO[m] 
INFO: Adding excluded groups to newly created one
INFO: Creating new argline for Surefire
CONFIG: nondexFilter=.*
nondexMode=FULL
nondexSeed=933178
nondexStart=0
nondexEnd=9223372036854775807
nondexPrintstack=false
nondexDir=/home/dev4nshik/srse-java/FluentJPA=.=4faabd6.dir/FluentJPA=.=4faabd6/Flaky/.nondex
nondexJarDir=/home/dev4nshik/srse-java/FluentJPA=.=4faabd6.dir/FluentJPA=.=4faabd6/Flaky/.nondex
nondexExecid=5vfbtaD0viCV3uOtMCBFvN6RTjf4i77ek4YviD3QU8=
nondexLogging=CONFIG
test=
[[1;33mWARNING[m]  Parameter 'disableXmlReport' (user property 'disableXmlReport') is deprecated: No reason given
[[1;34mINFO[m] Using configured provider org.apache.maven.surefire.junitplatform.JUnitPlatformProvider
[[1;34mINFO[m] 
[[1;34mINFO[m] -------------------------------------------------------
[[1;34mINFO[m]  T E S T S
[[1;34mINFO[m] -------------------------------------------------------
[[1;34mINFO[m] Running co.streamx.fluent.JPA.util.[1mScopedHashSet_size_2_0_Test[m
[[1;34mINFO[m] [1;32mTests run: [0;1;32m2[m, Failures: 0, Errors: 0, Skipped: 0, Time elapsed: 0.023 s -- in co.streamx.fluent.JPA.util.[1mScopedHashSet_size_2_0_Test[m
[[1;34mINFO[m] Running co.streamx.fluent.JPA.util.[1mScopedHashSet_containsAll_1_0_Test[m
[[1;34mINFO[m] [1;32mTests run: [0;1;32m4[m, Failures: 0, Errors: 0, Skipped: 0, Time elapsed: 0.018 s -- in co.streamx.fluent.JPA.util.[1mScopedHashSet_containsAll_1_0_Test[m
[[1;34mINFO[m] Running co.streamx.fluent.JPA.util.[1mScopedHashSet_retainAll_9_0_Test[m
[[1;34mINFO[m] [1;32mTests run: [0;1;32m2[m, Failures: 0, Errors: 0, Skipped: 0, Time elapsed: 0.007 s -- in co.streamx.fluent.JPA.util.[1mScopedHashSet_retainAll_9_0_Test[m
[[1;34mINFO[m] Running co.streamx.fluent.JPA.util.[1mScopedHashSet_equals_11_0_Test[m
[[1;34mINFO[m] [1;32mTests run: [0;1;32m1[m, Failures: 0, Errors: 0, Skipped: 0, Time elapsed: 0.007 s -- in co.streamx.fluent.JPA.util.[1mScopedHashSet_equals_11_0_Test[m
[[1;34mINFO[m] Running co.streamx.fluent.JPA.util.[1mScopedHashSet_contains_0_0_Test[m
[[1;34mINFO[m] [1;32mTests run: [0;1;32m4[m, Failures: 0, Errors: 0, Skipped: 0, Time elapsed: 0.010 s -- in co.streamx.fluent.JPA.util.[1mScopedHashSet_contains_0_0_Test[m
[[1;34mINFO[m] 
[[1;34mINFO[m] Results:
[[1;34mINFO[m] 
[[1;34mINFO[m] [1;32mTests run: 13, Failures: 0, Errors: 0, Skipped: 0[m
[[1;34mINFO[m] 
INFO: Adding excluded groups to newly created one
INFO: Creating new argline for Surefire
CONFIG: nondexFilter=.*
nondexMode=FULL
nondexSeed=974622
nondexStart=0
nondexEnd=9223372036854775807
nondexPrintstack=false
nondexDir=/home/dev4nshik/srse-java/FluentJPA=.=4faabd6.dir/FluentJPA=.=4faabd6/Flaky/.nondex
nondexJarDir=/home/dev4nshik/srse-java/FluentJPA=.=4faabd6.dir/FluentJPA=.=4faabd6/Flaky/.nondex
nondexExecid=25YJBn3XNjkMNlHHYvWhvOTngQOSJVAk3McLC0eGkf4=
nondexLogging=CONFIG
test=
[[1;33mWARNING[m]  Parameter 'disableXmlReport' (user property 'disableXmlReport') is deprecated: No reason given
[[1;34mINFO[m] Using configured provider org.apache.maven.surefire.junitplatform.JUnitPlatformProvider
[[1;34mINFO[m] 
[[1;34mINFO[m] -------------------------------------------------------
[[1;34mINFO[m]  T E S T S
[[1;34mINFO[m] -------------------------------------------------------
[[1;34mINFO[m] Running co.streamx.fluent.JPA.util.[1mScopedHashSet_size_2_0_Test[m
[[1;34mINFO[m] [1;32mTests run: [0;1;32m2[m, Failures: 0, Errors: 0, Skipped: 0, Time elapsed: 0.023 s -- in co.streamx.fluent.JPA.util.[1mScopedHashSet_size_2_0_Test[m
[[1;34mINFO[m] Running co.streamx.fluent.JPA.util.[1mScopedHashSet_containsAll_1_0_Test[m
[[1;34mINFO[m] [1;32mTests run: [0;1;32m4[m, Failures: 0, Errors: 0, Skipped: 0, Time elapsed: 0.015 s -- in co.streamx.fluent.JPA.util.[1mScopedHashSet_containsAll_1_0_Test[m
[[1;34mINFO[m] Running co.streamx.fluent.JPA.util.[1mScopedHashSet_retainAll_9_0_Test[m
[[1;34mINFO[m] [1;32mTests run: [0;1;32m2[m, Failures: 0, Errors: 0, Skipped: 0, Time elapsed: 0.006 s -- in co.streamx.fluent.JPA.util.[1mScopedHashSet_retainAll_9_0_Test[m
[[1;34mINFO[m] Running co.streamx.fluent.JPA.util.[1mScopedHashSet_equals_11_0_Test[m
[[1;34mINFO[m] [1;32mTests run: [0;1;32m1[m, Failures: 0, Errors: 0, Skipped: 0, Time elapsed: 0.004 s -- in co.streamx.fluent.JPA.util.[1mScopedHashSet_equals_11_0_Test[m
[[1;34mINFO[m] Running co.streamx.fluent.JPA.util.[1mScopedHashSet_contains_0_0_Test[m
[[1;34mINFO[m] [1;32mTests run: [0;1;32m4[m, Failures: 0, Errors: 0, Skipped: 0, Time elapsed: 0.012 s -- in co.streamx.fluent.JPA.util.[1mScopedHashSet_contains_0_0_Test[m
[[1;34mINFO[m] 
[[1;34mINFO[m] Results:
[[1;34mINFO[m] 
[[1;34mINFO[m] [1;32mTests run: 13, Failures: 0, Errors: 0, Skipped: 0[m
[[1;34mINFO[m] 
INFO: Adding excluded groups to newly created one
INFO: Creating new argline for Surefire
CONFIG: nondexFilter=.*
nondexMode=FULL
nondexSeed=1016066
nondexStart=0
nondexEnd=9223372036854775807
nondexPrintstack=false
nondexDir=/home/dev4nshik/srse-java/FluentJPA=.=4faabd6.dir/FluentJPA=.=4faabd6/Flaky/.nondex
nondexJarDir=/home/dev4nshik/srse-java/FluentJPA=.=4faabd6.dir/FluentJPA=.=4faabd6/Flaky/.nondex
nondexExecid=LJgyYhH8vlgOTF8mRpiQq+anCrJM+gReQGHmeGJ70hU=
nondexLogging=CONFIG
test=
[[1;33mWARNING[m]  Parameter 'disableXmlReport' (user property 'disableXmlReport') is deprecated: No reason given
[[1;34mINFO[m] Using configured provider org.apache.maven.surefire.junitplatform.JUnitPlatformProvider
[[1;34mINFO[m] 
[[1;34mINFO[m] -------------------------------------------------------
[[1;34mINFO[m]  T E S T S
[[1;34mINFO[m] -------------------------------------------------------
[[1;34mINFO[m] Running co.streamx.fluent.JPA.util.[1mScopedHashSet_size_2_0_Test[m
[[1;34mINFO[m] [1;32mTests run: [0;1;32m2[m, Failures: 0, Errors: 0, Skipped: 0, Time elapsed: 0.030 s -- in co.streamx.fluent.JPA.util.[1mScopedHashSet_size_2_0_Test[m
[[1;34mINFO[m] Running co.streamx.fluent.JPA.util.[1mScopedHashSet_containsAll_1_0_Test[m
[[1;34mINFO[m] [1;32mTests run: [0;1;32m4[m, Failures: 0, Errors: 0, Skipped: 0, Time elapsed: 0.012 s -- in co.streamx.fluent.JPA.util.[1mScopedHashSet_containsAll_1_0_Test[m
[[1;34mINFO[m] Running co.streamx.fluent.JPA.util.[1mScopedHashSet_retainAll_9_0_Test[m
[[1;34mINFO[m] [1;32mTests run: [0;1;32m2[m, Failures: 0, Errors: 0, Skipped: 0, Time elapsed: 0.008 s -- in co.streamx.fluent.JPA.util.[1mScopedHashSet_retainAll_9_0_Test[m
[[1;34mINFO[m] Running co.streamx.fluent.JPA.util.[1mScopedHashSet_equals_11_0_Test[m
[[1;34mINFO[m] [1;32mTests run: [0;1;32m1[m, Failures: 0, Errors: 0, Skipped: 0, Time elapsed: 0.005 s -- in co.streamx.fluent.JPA.util.[1mScopedHashSet_equals_11_0_Test[m
[[1;34mINFO[m] Running co.streamx.fluent.JPA.util.[1mScopedHashSet_contains_0_0_Test[m
[[1;34mINFO[m] [1;32mTests run: [0;1;32m4[m, Failures: 0, Errors: 0, Skipped: 0, Time elapsed: 0.012 s -- in co.streamx.fluent.JPA.util.[1mScopedHashSet_contains_0_0_Test[m
[[1;34mINFO[m] 
[[1;34mINFO[m] Results:
[[1;34mINFO[m] 
[[1;34mINFO[m] [1;32mTests run: 13, Failures: 0, Errors: 0, Skipped: 0[m
[[1;34mINFO[m] 
[[1;34mINFO[m] NonDex SUMMARY:
[[1;34mINFO[m] *********
[[1;34mINFO[m] mvn nondex:nondex  -DnondexFilter='.*' -DnondexMode=FULL -DnondexSeed=933178 -DnondexStart=0 -DnondexEnd=9223372036854775807 -DnondexPrintstack=false -DnondexDir="/home/dev4nshik/srse-java/FluentJPA=.=4faabd6.dir/FluentJPA=.=4faabd6/Flaky/.nondex" -DnondexJarDir="/home/dev4nshik/srse-java/FluentJPA=.=4faabd6.dir/FluentJPA=.=4faabd6/Flaky/.nondex" -DnondexExecid=5vfbtaD0viCV3uOtMCBFvN6RTjf4i77ek4YviD3QU8= -DnondexLogging=CONFIG
[[1;34mINFO[m] No Test Failed with this configuration.
[[1;34mINFO[m] *********
[[1;34mINFO[m] *********
[[1;34mINFO[m] mvn nondex:nondex  -DnondexFilter='.*' -DnondexMode=FULL -DnondexSeed=974622 -DnondexStart=0 -DnondexEnd=9223372036854775807 -DnondexPrintstack=false -DnondexDir="/home/dev4nshik/srse-java/FluentJPA=.=4faabd6.dir/FluentJPA=.=4faabd6/Flaky/.nondex" -DnondexJarDir="/home/dev4nshik/srse-java/FluentJPA=.=4faabd6.dir/FluentJPA=.=4faabd6/Flaky/.nondex" -DnondexExecid=25YJBn3XNjkMNlHHYvWhvOTngQOSJVAk3McLC0eGkf4= -DnondexLogging=CONFIG
[[1;34mINFO[m] No Test Failed with this configuration.
[[1;34mINFO[m] *********
[[1;34mINFO[m] *********
[[1;34mINFO[m] mvn nondex:nondex  -DnondexFilter='.*' -DnondexMode=FULL -DnondexSeed=1016066 -DnondexStart=0 -DnondexEnd=9223372036854775807 -DnondexPrintstack=false -DnondexDir="/home/dev4nshik/srse-java/FluentJPA=.=4faabd6.dir/FluentJPA=.=4faabd6/Flaky/.nondex" -DnondexJarDir="/home/dev4nshik/srse-java/FluentJPA=.=4faabd6.dir/FluentJPA=.=4faabd6/Flaky/.nondex" -DnondexExecid=LJgyYhH8vlgOTF8mRpiQq+anCrJM+gReQGHmeGJ70hU= -DnondexLogging=CONFIG
[[1;34mINFO[m] No Test Failed with this configuration.
[[1;34mINFO[m] *********
[[1;34mINFO[m] All tests pass without NonDex shuffling
[[1;34mINFO[m] ####################
[[1;34mINFO[m] Across all seeds:
[[1;34mINFO[m] Test results can be found at: 
[[1;34mINFO[m] file:///home/dev4nshik/srse-java/FluentJPA=.=4faabd6.dir/FluentJPA=.=4faabd6/Flaky/.nondex/5vfbtaD0viCV3uOtMCBFvN6RTjf4i77ek4YviD3QU8=/test_results.html
[[1;34mINFO[m] [NonDex] The id of this run is: 5vfbtaD0viCV3uOtMCBFvN6RTjf4i77ek4YviD3QU8=
[[1;34mINFO[m] [1m------------------------------------------------------------------------[m
[[1;34mINFO[m] [1;32mBUILD SUCCESS[m
[[1;34mINFO[m] [1m------------------------------------------------------------------------[m
[[1;34mINFO[m] Total time:  12.598 s
[[1;34mINFO[m] Finished at: 2026-07-11T00:39:39Z
[[1;34mINFO[m] [1m------------------------------------------------------------------------[m
