[[1;34mINFO[m] Scanning for projects...
[[1;33mWARNING[m] 
[[1;33mWARNING[m] Some problems were encountered while building the effective model for net.snowflake:snowflake-jdbc:jar:3.13.24
[[1;33mWARNING[m] 'dependencies.dependency.(groupId:artifactId:type:classifier)' must be unique: commons-codec:commons-codec:jar -> duplicate declaration of version 1.14 @ line 194, column 17
[[1;33mWARNING[m] 
[[1;33mWARNING[m] It is highly recommended to fix these problems because they threaten the stability of your build.
[[1;33mWARNING[m] 
[[1;33mWARNING[m] For this reason, future Maven versions might no longer support building such malformed projects.
[[1;33mWARNING[m] 
[[1;33mWARNING[m] The project net.snowflake:snowflake-jdbc:jar:3.13.24 uses prerequisites which is only intended for maven-plugin projects but not for non maven-plugin projects. For such purposes you should use the maven-enforcer-plugin. See https://maven.apache.org/enforcer/enforcer-rules/requireMavenVersion.html
[[1;34mINFO[m] 
[[1;34mINFO[m] [1m--------------------< [0;36mnet.snowflake:snowflake-jdbc[0;1m >--------------------[m
[[1;34mINFO[m] [1mBuilding snowflake-jdbc 3.13.24[m
[[1;34mINFO[m]   from pom.xml
[[1;34mINFO[m] [1m--------------------------------[ jar ]---------------------------------[m
[[1;34mINFO[m] 
[[1;34mINFO[m] [1m>>> [0;32mnondex:2.1.1:nondex[m [1m(default-cli)[0;1m > [0;1mtest-compile[m @ [36msnowflake-jdbc[0;1m >>>[m
[[1;34mINFO[m] 
[[1;34mINFO[m] [1m--- [0;32minstall:3.0.0-M1:install-file[m [1m(install-tika-core)[m @ [36msnowflake-jdbc[0;1m ---[m
[[1;34mINFO[m] Installing /home/dev4nshik/srse-java/snowflake-jdbc=.=6356171.dir/snowflake-jdbc=.=6356171/Flaky/dependencies/tika-core-2.4.1.jar to /home/dev4nshik/.m2/repository/org/apache/tika/tika-core/2.4.1/tika-core-2.4.1.jar
[[1;34mINFO[m] Installing /tmp/tika-core-2.4.17352975944626449427.pom to /home/dev4nshik/.m2/repository/org/apache/tika/tika-core/2.4.1/tika-core-2.4.1.pom
[[1;34mINFO[m] 
[[1;34mINFO[m] [1m--- [0;32minstall:3.0.0-M1:install-file[m [1m(install-arrow-memory-pom)[m @ [36msnowflake-jdbc[0;1m ---[m
[[1;34mINFO[m] Installing /home/dev4nshik/srse-java/snowflake-jdbc=.=6356171.dir/snowflake-jdbc=.=6356171/Flaky/dependencies/arrow-memory-9.0.0.pom to /home/dev4nshik/.m2/repository/org/apache/arrow/arrow-memory/9.0.0/arrow-memory-9.0.0.pom
[[1;34mINFO[m] 
[[1;34mINFO[m] [1m--- [0;32minstall:3.0.0-M1:install-file[m [1m(install-arrow-memory-core)[m @ [36msnowflake-jdbc[0;1m ---[m
[[1;34mINFO[m] Installing /home/dev4nshik/srse-java/snowflake-jdbc=.=6356171.dir/snowflake-jdbc=.=6356171/Flaky/dependencies/arrow-memory-core-9.0.0.jar to /home/dev4nshik/.m2/repository/org/apache/arrow/arrow-memory-core/9.0.0/arrow-memory-core-9.0.0.jar
[[1;34mINFO[m] Installing /tmp/arrow-memory-core-9.0.03549790882802791086.pom to /home/dev4nshik/.m2/repository/org/apache/arrow/arrow-memory-core/9.0.0/arrow-memory-core-9.0.0.pom
[[1;34mINFO[m] 
[[1;34mINFO[m] [1m--- [0;32minstall:3.0.0-M1:install-file[m [1m(install-arrow-memory-unsafe)[m @ [36msnowflake-jdbc[0;1m ---[m
[[1;34mINFO[m] Installing /home/dev4nshik/srse-java/snowflake-jdbc=.=6356171.dir/snowflake-jdbc=.=6356171/Flaky/dependencies/arrow-memory-unsafe-9.0.0.jar to /home/dev4nshik/.m2/repository/org/apache/arrow/arrow-memory-unsafe/9.0.0/arrow-memory-unsafe-9.0.0.jar
[[1;34mINFO[m] Installing /tmp/arrow-memory-unsafe-9.0.011706275297108767890.pom to /home/dev4nshik/.m2/repository/org/apache/arrow/arrow-memory-unsafe/9.0.0/arrow-memory-unsafe-9.0.0.pom
[[1;34mINFO[m] 
[[1;34mINFO[m] [1m--- [0;32minstall:3.0.0-M1:install-file[m [1m(install-arrow-memory-netty)[m @ [36msnowflake-jdbc[0;1m ---[m
[[1;34mINFO[m] Installing /home/dev4nshik/srse-java/snowflake-jdbc=.=6356171.dir/snowflake-jdbc=.=6356171/Flaky/dependencies/arrow-memory-netty-9.0.0.jar to /home/dev4nshik/.m2/repository/org/apache/arrow/arrow-memory-netty/9.0.0/arrow-memory-netty-9.0.0.jar
[[1;34mINFO[m] Installing /tmp/arrow-memory-netty-9.0.03051295881030459887.pom to /home/dev4nshik/.m2/repository/org/apache/arrow/arrow-memory-netty/9.0.0/arrow-memory-netty-9.0.0.pom
[[1;34mINFO[m] 
[[1;34mINFO[m] [1m--- [0;32minstall:3.0.0-M1:install-file[m [1m(install-arrow-format)[m @ [36msnowflake-jdbc[0;1m ---[m
[[1;34mINFO[m] Installing /home/dev4nshik/srse-java/snowflake-jdbc=.=6356171.dir/snowflake-jdbc=.=6356171/Flaky/dependencies/arrow-format-9.0.0.jar to /home/dev4nshik/.m2/repository/org/apache/arrow/arrow-format/9.0.0/arrow-format-9.0.0.jar
[[1;34mINFO[m] Installing /tmp/arrow-format-9.0.03705120575012078463.pom to /home/dev4nshik/.m2/repository/org/apache/arrow/arrow-format/9.0.0/arrow-format-9.0.0.pom
[[1;34mINFO[m] 
[[1;34mINFO[m] [1m--- [0;32minstall:3.0.0-M1:install-file[m [1m(install-arrow-vector)[m @ [36msnowflake-jdbc[0;1m ---[m
[[1;34mINFO[m] Installing /home/dev4nshik/srse-java/snowflake-jdbc=.=6356171.dir/snowflake-jdbc=.=6356171/Flaky/dependencies/arrow-vector-9.0.0.jar to /home/dev4nshik/.m2/repository/org/apache/arrow/arrow-vector/9.0.0/arrow-vector-9.0.0.jar
[[1;34mINFO[m] Installing /tmp/arrow-vector-9.0.014677008767141873963.pom to /home/dev4nshik/.m2/repository/org/apache/arrow/arrow-vector/9.0.0/arrow-vector-9.0.0.pom
[[1;34mINFO[m] 
[[1;34mINFO[m] [1m--- [0;32mjacoco:0.8.4:prepare-agent[m [1m(pre-unit-test)[m @ [36msnowflake-jdbc[0;1m ---[m
[[1;34mINFO[m] Skipping JaCoCo execution because property jacoco.skip is set.
[[1;34mINFO[m] argLine set to empty
[[1;34mINFO[m] 
[[1;34mINFO[m] [1m--- [0;32mresources:3.3.1:resources[m [1m(default-resources)[m @ [36msnowflake-jdbc[0;1m ---[m
[[1;34mINFO[m] Copying 6 resources from src/main/resources to target/classes
[[1;34mINFO[m] The encoding used to copy filtered properties files have not been set. This means that the same encoding will be used to copy filtered properties files as when copying other filtered resources. This might not be what you want! Run your build with --debug to see which files might be affected. Read more at https://maven.apache.org/plugins/maven-resources-plugin/examples/filtering-properties-files.html
[[1;34mINFO[m] 
[[1;34mINFO[m] [1m--- [0;32mcompiler:3.8.0:compile[m [1m(default-compile)[m @ [36msnowflake-jdbc[0;1m ---[m
[[1;34mINFO[m] Changes detected - recompiling the module!
[[1;34mINFO[m] Compiling 203 source files to /home/dev4nshik/srse-java/snowflake-jdbc=.=6356171.dir/snowflake-jdbc=.=6356171/Flaky/target/classes
[[1;33mWARNING[m] [options] bootstrap class path not set in conjunction with -source 8
[[1;33mWARNING[m] /home/dev4nshik/srse-java/snowflake-jdbc=.=6356171.dir/snowflake-jdbc=.=6356171/Flaky/src/main/java/net/snowflake/client/jdbc/cloud/storage/SnowflakeS3Client.java:[24,32] [deprecation] AmazonS3EncryptionClient in com.amazonaws.services.s3 has been deprecated
[[1;33mWARNING[m] /home/dev4nshik/srse-java/snowflake-jdbc=.=6356171.dir/snowflake-jdbc=.=6356171/Flaky/src/main/java/net/snowflake/client/jdbc/SnowflakeUtil.java:[532,71] [unchecked] unchecked cast
  required: Map<String,String>
  found:    Object
[[1;33mWARNING[m] /home/dev4nshik/srse-java/snowflake-jdbc=.=6356171.dir/snowflake-jdbc=.=6356171/Flaky/src/main/java/net/snowflake/client/jdbc/SnowflakeUtil.java:[552,71] [unchecked] unchecked cast
  required: Map<String,String>
  found:    Object
[[1;33mWARNING[m] /home/dev4nshik/srse-java/snowflake-jdbc=.=6356171.dir/snowflake-jdbc=.=6356171/Flaky/src/main/java/net/snowflake/client/core/SFTrustManager.java:[234,6] [rawtypes] found raw type: Class
  missing type arguments for generic class Class<T>
  where T is a type-variable:
    T extends Object declared in class Class
[[1;33mWARNING[m] /home/dev4nshik/srse-java/snowflake-jdbc=.=6356171.dir/snowflake-jdbc=.=6356171/Flaky/src/main/java/net/snowflake/client/core/SFTrustManager.java:[235,52] [unchecked] unchecked call to getDeclaredConstructor(Class<?>...) as a member of the raw type Class
  where T is a type-variable:
    T extends Object declared in class Class
[[1;33mWARNING[m] /home/dev4nshik/srse-java/snowflake-jdbc=.=6356171.dir/snowflake-jdbc=.=6356171/Flaky/src/main/java/net/snowflake/client/core/SFTrustManager.java:[277,8] [static] static variable should be qualified by type name, SFTrustManager, instead of by an expression
[[1;33mWARNING[m] /home/dev4nshik/srse-java/snowflake-jdbc=.=6356171.dir/snowflake-jdbc=.=6356171/Flaky/src/main/java/net/snowflake/client/core/SFTrustManager.java:[1151,13] [deprecation] closeQuietly(Closeable) in IOUtils has been deprecated
[[1;33mWARNING[m] /home/dev4nshik/srse-java/snowflake-jdbc=.=6356171.dir/snowflake-jdbc=.=6356171/Flaky/src/main/java/net/snowflake/client/core/SFTrustManager.java:[1250,15] [deprecation] closeQuietly(Closeable) in IOUtils has been deprecated
[[1;33mWARNING[m] /home/dev4nshik/srse-java/snowflake-jdbc=.=6356171.dir/snowflake-jdbc=.=6356171/Flaky/src/main/java/net/snowflake/client/core/SFTrustManager.java:[1283,13] [deprecation] closeQuietly(Closeable) in IOUtils has been deprecated
[[1;33mWARNING[m] /home/dev4nshik/srse-java/snowflake-jdbc=.=6356171.dir/snowflake-jdbc=.=6356171/Flaky/src/main/java/net/snowflake/client/core/HttpClientSettingsKey.java:[15,7] [serial] serializable class HttpClientSettingsKey has no definition of serialVersionUID
[[1;33mWARNING[m] /home/dev4nshik/srse-java/snowflake-jdbc=.=6356171.dir/snowflake-jdbc=.=6356171/Flaky/src/main/java/net/snowflake/client/jdbc/SnowflakeChunkDownloader.java:[97,23] [rawtypes] found raw type: Future
  missing type arguments for generic class Future<V>
  where V is a type-variable:
    V extends Object declared in interface Future
[[1;33mWARNING[m] /home/dev4nshik/srse-java/snowflake-jdbc=.=6356171.dir/snowflake-jdbc=.=6356171/Flaky/src/main/java/net/snowflake/client/jdbc/SnowflakeChunkDownloader.java:[401,8] [rawtypes] found raw type: Future
  missing type arguments for generic class Future<V>
  where V is a type-variable:
    V extends Object declared in interface Future
[[1;33mWARNING[m] /home/dev4nshik/srse-java/snowflake-jdbc=.=6356171.dir/snowflake-jdbc=.=6356171/Flaky/src/main/java/net/snowflake/client/jdbc/SnowflakeChunkDownloader.java:[681,8] [rawtypes] found raw type: Future
  missing type arguments for generic class Future<V>
  where V is a type-variable:
    V extends Object declared in interface Future
[[1;33mWARNING[m] /home/dev4nshik/srse-java/snowflake-jdbc=.=6356171.dir/snowflake-jdbc=.=6356171/Flaky/src/main/java/net/snowflake/client/jdbc/SnowflakeResultSetMetaDataV1.java:[82,15] [unchecked] unchecked cast
  required: T
  found:    SnowflakeResultSetMetaDataV1
  where T is a type-variable:
    T extends Object declared in method <T>unwrap(Class<T>)
[[1;33mWARNING[m] /home/dev4nshik/srse-java/snowflake-jdbc=.=6356171.dir/snowflake-jdbc=.=6356171/Flaky/src/main/java/net/snowflake/client/jdbc/SnowflakeTimeWithTimezone.java:[20,7] [serial] serializable class SnowflakeTimeWithTimezone has no definition of serialVersionUID
[[1;33mWARNING[m] /home/dev4nshik/srse-java/snowflake-jdbc=.=6356171.dir/snowflake-jdbc=.=6356171/Flaky/src/main/java/net/snowflake/client/core/arrow/AbstractArrowVectorConverter.java:[182,16] [serial] serializable class TimestampOperationNotAvailableException has no definition of serialVersionUID
[[1;33mWARNING[m] /home/dev4nshik/srse-java/snowflake-jdbc=.=6356171.dir/snowflake-jdbc=.=6356171/Flaky/src/main/java/net/snowflake/client/jdbc/SnowflakeSQLLoggedException.java:[38,7] [serial] serializable class SnowflakeSQLLoggedException has no definition of serialVersionUID
[[1;33mWARNING[m] /home/dev4nshik/srse-java/snowflake-jdbc=.=6356171.dir/snowflake-jdbc=.=6356171/Flaky/src/main/java/net/snowflake/client/jdbc/telemetryOOB/TelemetryService.java:[342,19] [static] static variable should be qualified by type name, TelemetryService, instead of by an expression
[[1;33mWARNING[m] /home/dev4nshik/srse-java/snowflake-jdbc=.=6356171.dir/snowflake-jdbc=.=6356171/Flaky/src/main/java/net/snowflake/client/jdbc/cloud/storage/SnowflakeS3Client.java:[164,8] [deprecation] CryptoConfiguration in com.amazonaws.services.s3.model has been deprecated
[[1;33mWARNING[m] /home/dev4nshik/srse-java/snowflake-jdbc=.=6356171.dir/snowflake-jdbc=.=6356171/Flaky/src/main/java/net/snowflake/client/jdbc/cloud/storage/SnowflakeS3Client.java:[164,47] [deprecation] CryptoConfiguration in com.amazonaws.services.s3.model has been deprecated
[[1;33mWARNING[m] /home/dev4nshik/srse-java/snowflake-jdbc=.=6356171.dir/snowflake-jdbc=.=6356171/Flaky/src/main/java/net/snowflake/client/jdbc/cloud/storage/SnowflakeS3Client.java:[164,77] [deprecation] EncryptionOnly in CryptoMode has been deprecated
[[1;33mWARNING[m] /home/dev4nshik/srse-java/snowflake-jdbc=.=6356171.dir/snowflake-jdbc=.=6356171/Flaky/src/main/java/net/snowflake/client/jdbc/cloud/storage/SnowflakeS3Client.java:[167,12] [deprecation] AmazonS3EncryptionClient in com.amazonaws.services.s3 has been deprecated
[[1;33mWARNING[m] /home/dev4nshik/srse-java/snowflake-jdbc=.=6356171.dir/snowflake-jdbc=.=6356171/Flaky/src/main/java/net/snowflake/client/jdbc/cloud/storage/SnowflakeS3Client.java:[544,50] [deprecation] closeQuietly(InputStream) in IOUtils has been deprecated
[[1;33mWARNING[m] /home/dev4nshik/srse-java/snowflake-jdbc=.=6356171.dir/snowflake-jdbc=.=6356171/Flaky/src/main/java/net/snowflake/client/jdbc/cloud/storage/SnowflakeS3Client.java:[574,46] [deprecation] closeQuietly(InputStream) in IOUtils has been deprecated
[[1;33mWARNING[m] /home/dev4nshik/srse-java/snowflake-jdbc=.=6356171.dir/snowflake-jdbc=.=6356171/Flaky/src/main/java/net/snowflake/client/jdbc/FileBackedOutputStream.java:[101,27] [deprecation] finalize() in Object has been deprecated
[[1;33mWARNING[m] /home/dev4nshik/srse-java/snowflake-jdbc=.=6356171.dir/snowflake-jdbc=.=6356171/Flaky/src/main/java/net/snowflake/client/jdbc/cloud/storage/SnowflakeAzureClient.java:[489,50] [deprecation] closeQuietly(InputStream) in IOUtils has been deprecated
[[1;33mWARNING[m] /home/dev4nshik/srse-java/snowflake-jdbc=.=6356171.dir/snowflake-jdbc=.=6356171/Flaky/src/main/java/net/snowflake/client/jdbc/cloud/storage/SnowflakeAzureClient.java:[517,46] [deprecation] closeQuietly(InputStream) in IOUtils has been deprecated
[[1;33mWARNING[m] /home/dev4nshik/srse-java/snowflake-jdbc=.=6356171.dir/snowflake-jdbc=.=6356171/Flaky/src/main/java/net/snowflake/client/jdbc/SnowflakeBasicDataSource.java:[17,7] [serial] serializable class SnowflakeBasicDataSource has no definition of serialVersionUID
[[1;33mWARNING[m] /home/dev4nshik/srse-java/snowflake-jdbc=.=6356171.dir/snowflake-jdbc=.=6356171/Flaky/src/main/java/net/snowflake/client/jdbc/SnowflakeDateWithTimezone.java:[17,7] [serial] serializable class SnowflakeDateWithTimezone has no definition of serialVersionUID
[[1;33mWARNING[m] /home/dev4nshik/srse-java/snowflake-jdbc=.=6356171.dir/snowflake-jdbc=.=6356171/Flaky/src/main/java/net/snowflake/client/jdbc/SnowflakeFileTransferAgent.java:[596,19] [deprecation] closeQuietly(InputStream) in IOUtils has been deprecated
[[1;33mWARNING[m] /home/dev4nshik/srse-java/snowflake-jdbc=.=6356171.dir/snowflake-jdbc=.=6356171/Flaky/src/main/java/net/snowflake/client/jdbc/SnowflakeFileTransferAgent.java:[2358,17] [deprecation] closeQuietly(InputStream) in IOUtils has been deprecated
[[1;33mWARNING[m] /home/dev4nshik/srse-java/snowflake-jdbc=.=6356171.dir/snowflake-jdbc=.=6356171/Flaky/src/main/java/net/snowflake/client/jdbc/SnowflakeFileTransferAgent.java:[2386,17] [deprecation] closeQuietly(InputStream) in IOUtils has been deprecated
[[1;33mWARNING[m] /home/dev4nshik/srse-java/snowflake-jdbc=.=6356171.dir/snowflake-jdbc=.=6356171/Flaky/src/main/java/net/snowflake/client/core/SFStatement.java:[417,76] [unchecked] unchecked cast
  required: List<String>
  found:    Object
[[1;33mWARNING[m] /home/dev4nshik/srse-java/snowflake-jdbc=.=6356171.dir/snowflake-jdbc=.=6356171/Flaky/src/main/java/net/snowflake/client/jdbc/cloud/storage/SnowflakeGCSClient.java:[571,13] [deprecation] closeQuietly(InputStream) in IOUtils has been deprecated
[[1;33mWARNING[m] /home/dev4nshik/srse-java/snowflake-jdbc=.=6356171.dir/snowflake-jdbc=.=6356171/Flaky/src/main/java/net/snowflake/client/jdbc/cloud/storage/SnowflakeGCSClient.java:[638,48] [deprecation] closeQuietly(InputStream) in IOUtils has been deprecated
[[1;33mWARNING[m] /home/dev4nshik/srse-java/snowflake-jdbc=.=6356171.dir/snowflake-jdbc=.=6356171/Flaky/src/main/java/net/snowflake/client/jdbc/cloud/storage/SnowflakeGCSClient.java:[657,17] [deprecation] create(BlobInfo,InputStream,BlobWriteOption...) in Storage has been deprecated
[[1;33mWARNING[m] /home/dev4nshik/srse-java/snowflake-jdbc=.=6356171.dir/snowflake-jdbc=.=6356171/Flaky/src/main/java/net/snowflake/client/jdbc/cloud/storage/SnowflakeGCSClient.java:[662,50] [deprecation] closeQuietly(InputStream) in IOUtils has been deprecated
[[1;33mWARNING[m] /home/dev4nshik/srse-java/snowflake-jdbc=.=6356171.dir/snowflake-jdbc=.=6356171/Flaky/src/main/java/net/snowflake/client/jdbc/cloud/storage/SnowflakeGCSClient.java:[691,46] [deprecation] closeQuietly(InputStream) in IOUtils has been deprecated
[[1;33mWARNING[m] /home/dev4nshik/srse-java/snowflake-jdbc=.=6356171.dir/snowflake-jdbc=.=6356171/Flaky/src/main/java/net/snowflake/client/jdbc/SnowflakePreparedStatementV1.java:[490,94] [unchecked] unchecked cast
  required: List<String>
  found:    Object
[[1;33mWARNING[m] /home/dev4nshik/srse-java/snowflake-jdbc=.=6356171.dir/snowflake-jdbc=.=6356171/Flaky/src/main/java/net/snowflake/client/jdbc/SnowflakePreparedStatementV1.java:[505,90] [unchecked] unchecked cast
  required: List<String>
  found:    Object
[[1;33mWARNING[m] /home/dev4nshik/srse-java/snowflake-jdbc=.=6356171.dir/snowflake-jdbc=.=6356171/Flaky/src/main/java/net/snowflake/client/core/SecureStorageAppleManager.java:[191,30] [deprecation] <T>loadLibrary(String,Class<T>) in Native has been deprecated
  where T is a type-variable:
    T extends Object declared in method <T>loadLibrary(String,Class<T>)
[[1;33mWARNING[m] /home/dev4nshik/srse-java/snowflake-jdbc=.=6356171.dir/snowflake-jdbc=.=6356171/Flaky/src/main/java/net/snowflake/client/core/SecureStorageAppleManager.java:[191,10] [cast] redundant cast to SecurityLib
[[1;33mWARNING[m] /home/dev4nshik/srse-java/snowflake-jdbc=.=6356171.dir/snowflake-jdbc=.=6356171/Flaky/src/main/java/net/snowflake/client/pooling/SnowflakeConnectionPoolDataSource.java:[12,7] [serial] serializable class SnowflakeConnectionPoolDataSource has no definition of serialVersionUID
[[1;33mWARNING[m] /home/dev4nshik/srse-java/snowflake-jdbc=.=6356171.dir/snowflake-jdbc=.=6356171/Flaky/src/main/java/net/snowflake/client/core/ObjectMapperFactory.java:[13,10] [deprecation] configure(MapperFeature,boolean) in ObjectMapper has been deprecated
[[1;33mWARNING[m] /home/dev4nshik/srse-java/snowflake-jdbc=.=6356171.dir/snowflake-jdbc=.=6356171/Flaky/src/main/java/net/snowflake/client/core/ObjectMapperFactory.java:[14,10] [deprecation] configure(MapperFeature,boolean) in ObjectMapper has been deprecated
[[1;33mWARNING[m] /home/dev4nshik/srse-java/snowflake-jdbc=.=6356171.dir/snowflake-jdbc=.=6356171/Flaky/src/main/java/net/snowflake/client/core/HttpUtil.java:[776,13] [deprecation] closeQuietly(Writer) in IOUtils has been deprecated
[[1;33mWARNING[m] /home/dev4nshik/srse-java/snowflake-jdbc=.=6356171.dir/snowflake-jdbc=.=6356171/Flaky/src/main/java/net/snowflake/client/core/HttpUtil.java:[777,13] [deprecation] closeQuietly(Closeable) in IOUtils has been deprecated
[[1;33mWARNING[m] /home/dev4nshik/srse-java/snowflake-jdbc=.=6356171.dir/snowflake-jdbc=.=6356171/Flaky/src/main/java/net/snowflake/client/core/SnowflakeMutableProxyRoutePlanner.java:[21,7] [serial] serializable class SnowflakeMutableProxyRoutePlanner has no definition of serialVersionUID
[[1;33mWARNING[m] /home/dev4nshik/srse-java/snowflake-jdbc=.=6356171.dir/snowflake-jdbc=.=6356171/Flaky/src/main/java/net/snowflake/client/jdbc/ArrowResultChunk.java:[57,8] [static] static variable should be qualified by type name, ArrowResultChunk, instead of by an expression
[[1;33mWARNING[m] /home/dev4nshik/srse-java/snowflake-jdbc=.=6356171.dir/snowflake-jdbc=.=6356171/Flaky/src/main/java/net/snowflake/client/jdbc/SnowflakeLoggedFeatureNotSupportedException.java:[13,7] [serial] serializable class SnowflakeLoggedFeatureNotSupportedException has no definition of serialVersionUID
[[1;33mWARNING[m] /home/dev4nshik/srse-java/snowflake-jdbc=.=6356171.dir/snowflake-jdbc=.=6356171/Flaky/src/main/java/net/snowflake/client/jdbc/SnowflakeDriver.java:[74,6] [rawtypes] found raw type: Class
  missing type arguments for generic class Class<T>
  where T is a type-variable:
    T extends Object declared in class Class
[[1;33mWARNING[m] /home/dev4nshik/srse-java/snowflake-jdbc=.=6356171.dir/snowflake-jdbc=.=6356171/Flaky/src/main/java/net/snowflake/client/jdbc/SnowflakeDriver.java:[80,39] [unchecked] unchecked call to getDeclaredMethod(String,Class<?>...) as a member of the raw type Class
[[1;33mWARNING[m] /home/dev4nshik/srse-java/snowflake-jdbc=.=6356171.dir/snowflake-jdbc=.=6356171/Flaky/src/main/java/net/snowflake/client/jdbc/SnowflakeDriver.java:[82,62] [unchecked] unchecked call to getDeclaredMethod(String,Class<?>...) as a member of the raw type Class
[[1;33mWARNING[m] /home/dev4nshik/srse-java/snowflake-jdbc=.=6356171.dir/snowflake-jdbc=.=6356171/Flaky/src/main/java/net/snowflake/client/jdbc/SnowflakeDriver.java:[83,60] [unchecked] unchecked call to getDeclaredMethod(String,Class<?>...) as a member of the raw type Class
[[1;33mWARNING[m] /home/dev4nshik/srse-java/snowflake-jdbc=.=6356171.dir/snowflake-jdbc=.=6356171/Flaky/src/main/java/net/snowflake/client/jdbc/SnowflakeDriver.java:[85,6] [rawtypes] found raw type: Class
  missing type arguments for generic class Class<T>
  where T is a type-variable:
    T extends Object declared in class Class
[[1;33mWARNING[m] /home/dev4nshik/srse-java/snowflake-jdbc=.=6356171.dir/snowflake-jdbc=.=6356171/Flaky/src/main/java/net/snowflake/client/jdbc/SnowflakeDriver.java:[230,27] [deprecation] getPackage(String) in Package has been deprecated
[[1;33mWARNING[m] /home/dev4nshik/srse-java/snowflake-jdbc=.=6356171.dir/snowflake-jdbc=.=6356171/Flaky/src/main/java/net/snowflake/client/jdbc/SnowflakeDatabaseMetaData.java:[3331,15] [unchecked] unchecked cast
  required: T
  found:    SnowflakeDatabaseMetaData
  where T is a type-variable:
    T extends Object declared in method <T>unwrap(Class<T>)
[[1;33mWARNING[m] /home/dev4nshik/srse-java/snowflake-jdbc=.=6356171.dir/snowflake-jdbc=.=6356171/Flaky/src/main/java/net/snowflake/client/core/SecureStorageWindowsManager.java:[261,20] [deprecation] <T>loadLibrary(String,Class<T>,Map<String,?>) in Native has been deprecated
  where T is a type-variable:
    T extends Object declared in method <T>loadLibrary(String,Class<T>,Map<String,?>)
[[1;33mWARNING[m] /home/dev4nshik/srse-java/snowflake-jdbc=.=6356171.dir/snowflake-jdbc=.=6356171/Flaky/src/main/java/net/snowflake/client/core/SecureStorageWindowsManager.java:[260,10] [cast] redundant cast to Advapi32Lib
[[1;34mINFO[m] 
[[1;34mINFO[m] [1m--- [0;32mresources:3.3.1:testResources[m [1m(default-testResources)[m @ [36msnowflake-jdbc[0;1m ---[m
[[1;34mINFO[m] Copying 18 resources from src/test/resources to target/test-classes
[[1;34mINFO[m] 
[[1;34mINFO[m] [1m--- [0;32mcompiler:3.8.0:testCompile[m [1m(default-testCompile)[m @ [36msnowflake-jdbc[0;1m ---[m
[[1;34mINFO[m] Changes detected - recompiling the module!
[[1;34mINFO[m] Compiling 1 source file to /home/dev4nshik/srse-java/snowflake-jdbc=.=6356171.dir/snowflake-jdbc=.=6356171/Flaky/target/test-classes
[[1;33mWARNING[m] [options] bootstrap class path not set in conjunction with -source 8
[[1;34mINFO[m] 
[[1;34mINFO[m] [1m<<< [0;32mnondex:2.1.1:nondex[m [1m(default-cli)[0;1m < [0;1mtest-compile[m @ [36msnowflake-jdbc[0;1m <<<[m
[[1;34mINFO[m] 
[[1;34mINFO[m] 
[[1;34mINFO[m] [1m--- [0;32mnondex:2.1.1:nondex[m [1m(default-cli)[m @ [36msnowflake-jdbc[0;1m ---[m
INFO: The original argline is: 
INFO: Creating new argline for Surefire
CONFIG: nondexFilter=.*
nondexMode=FULL
nondexSeed=933178
nondexStart=0
nondexEnd=9223372036854775807
nondexPrintstack=false
nondexDir=/home/dev4nshik/srse-java/snowflake-jdbc=.=6356171.dir/snowflake-jdbc=.=6356171/Flaky/.nondex
nondexJarDir=.nondex
nondexExecid=clean_uzPmfG2XysDXv+Ck+Z8EEs5gY28p5i5MtBJBW0quWx4=
nondexLogging=CONFIG
test=
[[1;33mWARNING[m]  Parameter 'disableXmlReport' (user property 'disableXmlReport') is deprecated: No reason given
[[1;34mINFO[m] Using configured provider org.apache.maven.surefire.junitplatform.JUnitPlatformProvider
[[1;34mINFO[m] 
[[1;34mINFO[m] -------------------------------------------------------
[[1;34mINFO[m]  T E S T S
[[1;34mINFO[m] -------------------------------------------------------
[[1;34mINFO[m] Running net.snowflake.client.jdbc.[1mSnowflakeConnectionV1_downloadStream_72_0_Test[m
OpenJDK 64-Bit Server VM warning: Sharing is only supported for boot loader classes because bootstrap classpath has been appended
[[1;34mINFO[m] [1;32mTests run: [0;1;32m1[m, Failures: 0, Errors: 0, Skipped: 0, Time elapsed: 1.907 s -- in net.snowflake.client.jdbc.[1mSnowflakeConnectionV1_downloadStream_72_0_Test[m
[[1;34mINFO[m] 
[[1;34mINFO[m] Results:
[[1;34mINFO[m] 
[[1;34mINFO[m] [1;32mTests run: 1, Failures: 0, Errors: 0, Skipped: 0[m
[[1;34mINFO[m] 
INFO: Adding excluded groups to newly created one
INFO: Creating new argline for Surefire
CONFIG: nondexFilter=.*
nondexMode=FULL
nondexSeed=933178
nondexStart=0
nondexEnd=9223372036854775807
nondexPrintstack=false
nondexDir=/home/dev4nshik/srse-java/snowflake-jdbc=.=6356171.dir/snowflake-jdbc=.=6356171/Flaky/.nondex
nondexJarDir=/home/dev4nshik/srse-java/snowflake-jdbc=.=6356171.dir/snowflake-jdbc=.=6356171/Flaky/.nondex
nondexExecid=n4CTr7CYmuNyCDkq0DtdMnDYCtrkXHXXBl5u9WWcpzE=
nondexLogging=CONFIG
test=
[[1;33mWARNING[m]  Parameter 'disableXmlReport' (user property 'disableXmlReport') is deprecated: No reason given
[[1;34mINFO[m] Using configured provider org.apache.maven.surefire.junitplatform.JUnitPlatformProvider
[[1;34mINFO[m] 
[[1;34mINFO[m] -------------------------------------------------------
[[1;34mINFO[m]  T E S T S
[[1;34mINFO[m] -------------------------------------------------------
[[1;34mINFO[m] Running net.snowflake.client.jdbc.[1mSnowflakeConnectionV1_downloadStream_72_0_Test[m
[[1;34mINFO[m] [1;32mTests run: [0;1;32m1[m, Failures: 0, Errors: 0, Skipped: 0, Time elapsed: 2.366 s -- in net.snowflake.client.jdbc.[1mSnowflakeConnectionV1_downloadStream_72_0_Test[m
[[1;34mINFO[m] 
[[1;34mINFO[m] Results:
[[1;34mINFO[m] 
[[1;34mINFO[m] [1;32mTests run: 1, Failures: 0, Errors: 0, Skipped: 0[m
[[1;34mINFO[m] 
INFO: Adding excluded groups to newly created one
INFO: Creating new argline for Surefire
CONFIG: nondexFilter=.*
nondexMode=FULL
nondexSeed=974622
nondexStart=0
nondexEnd=9223372036854775807
nondexPrintstack=false
nondexDir=/home/dev4nshik/srse-java/snowflake-jdbc=.=6356171.dir/snowflake-jdbc=.=6356171/Flaky/.nondex
nondexJarDir=/home/dev4nshik/srse-java/snowflake-jdbc=.=6356171.dir/snowflake-jdbc=.=6356171/Flaky/.nondex
nondexExecid=SiwcOcWk6BHeKt+Cl6phLIy0A2tF5XxUQPo47hEGiU4=
nondexLogging=CONFIG
test=
[[1;33mWARNING[m]  Parameter 'disableXmlReport' (user property 'disableXmlReport') is deprecated: No reason given
[[1;34mINFO[m] Using configured provider org.apache.maven.surefire.junitplatform.JUnitPlatformProvider
[[1;34mINFO[m] 
[[1;34mINFO[m] -------------------------------------------------------
[[1;34mINFO[m]  T E S T S
[[1;34mINFO[m] -------------------------------------------------------
[[1;34mINFO[m] Running net.snowflake.client.jdbc.[1mSnowflakeConnectionV1_downloadStream_72_0_Test[m
[[1;34mINFO[m] [1;32mTests run: [0;1;32m1[m, Failures: 0, Errors: 0, Skipped: 0, Time elapsed: 1.994 s -- in net.snowflake.client.jdbc.[1mSnowflakeConnectionV1_downloadStream_72_0_Test[m
[[1;34mINFO[m] 
[[1;34mINFO[m] Results:
[[1;34mINFO[m] 
[[1;34mINFO[m] [1;32mTests run: 1, Failures: 0, Errors: 0, Skipped: 0[m
[[1;34mINFO[m] 
INFO: Adding excluded groups to newly created one
INFO: Creating new argline for Surefire
CONFIG: nondexFilter=.*
nondexMode=FULL
nondexSeed=1016066
nondexStart=0
nondexEnd=9223372036854775807
nondexPrintstack=false
nondexDir=/home/dev4nshik/srse-java/snowflake-jdbc=.=6356171.dir/snowflake-jdbc=.=6356171/Flaky/.nondex
nondexJarDir=/home/dev4nshik/srse-java/snowflake-jdbc=.=6356171.dir/snowflake-jdbc=.=6356171/Flaky/.nondex
nondexExecid=iXW+4FUX1Zd13jyIEF3IPoNHWM9Z70QNs9n4HKjKTMw=
nondexLogging=CONFIG
test=
[[1;33mWARNING[m]  Parameter 'disableXmlReport' (user property 'disableXmlReport') is deprecated: No reason given
[[1;34mINFO[m] Using configured provider org.apache.maven.surefire.junitplatform.JUnitPlatformProvider
[[1;34mINFO[m] 
[[1;34mINFO[m] -------------------------------------------------------
[[1;34mINFO[m]  T E S T S
[[1;34mINFO[m] -------------------------------------------------------
[[1;34mINFO[m] Running net.snowflake.client.jdbc.[1mSnowflakeConnectionV1_downloadStream_72_0_Test[m
[[1;34mINFO[m] [1;32mTests run: [0;1;32m1[m, Failures: 0, Errors: 0, Skipped: 0, Time elapsed: 2.012 s -- in net.snowflake.client.jdbc.[1mSnowflakeConnectionV1_downloadStream_72_0_Test[m
[[1;34mINFO[m] 
[[1;34mINFO[m] Results:
[[1;34mINFO[m] 
[[1;34mINFO[m] [1;32mTests run: 1, Failures: 0, Errors: 0, Skipped: 0[m
[[1;34mINFO[m] 
[[1;34mINFO[m] NonDex SUMMARY:
[[1;34mINFO[m] *********
[[1;34mINFO[m] mvn nondex:nondex  -DnondexFilter='.*' -DnondexMode=FULL -DnondexSeed=933178 -DnondexStart=0 -DnondexEnd=9223372036854775807 -DnondexPrintstack=false -DnondexDir="/home/dev4nshik/srse-java/snowflake-jdbc=.=6356171.dir/snowflake-jdbc=.=6356171/Flaky/.nondex" -DnondexJarDir="/home/dev4nshik/srse-java/snowflake-jdbc=.=6356171.dir/snowflake-jdbc=.=6356171/Flaky/.nondex" -DnondexExecid=n4CTr7CYmuNyCDkq0DtdMnDYCtrkXHXXBl5u9WWcpzE= -DnondexLogging=CONFIG
[[1;34mINFO[m] No Test Failed with this configuration.
[[1;34mINFO[m] *********
[[1;34mINFO[m] *********
[[1;34mINFO[m] mvn nondex:nondex  -DnondexFilter='.*' -DnondexMode=FULL -DnondexSeed=974622 -DnondexStart=0 -DnondexEnd=9223372036854775807 -DnondexPrintstack=false -DnondexDir="/home/dev4nshik/srse-java/snowflake-jdbc=.=6356171.dir/snowflake-jdbc=.=6356171/Flaky/.nondex" -DnondexJarDir="/home/dev4nshik/srse-java/snowflake-jdbc=.=6356171.dir/snowflake-jdbc=.=6356171/Flaky/.nondex" -DnondexExecid=SiwcOcWk6BHeKt+Cl6phLIy0A2tF5XxUQPo47hEGiU4= -DnondexLogging=CONFIG
[[1;34mINFO[m] No Test Failed with this configuration.
[[1;34mINFO[m] *********
[[1;34mINFO[m] *********
[[1;34mINFO[m] mvn nondex:nondex  -DnondexFilter='.*' -DnondexMode=FULL -DnondexSeed=1016066 -DnondexStart=0 -DnondexEnd=9223372036854775807 -DnondexPrintstack=false -DnondexDir="/home/dev4nshik/srse-java/snowflake-jdbc=.=6356171.dir/snowflake-jdbc=.=6356171/Flaky/.nondex" -DnondexJarDir="/home/dev4nshik/srse-java/snowflake-jdbc=.=6356171.dir/snowflake-jdbc=.=6356171/Flaky/.nondex" -DnondexExecid=iXW+4FUX1Zd13jyIEF3IPoNHWM9Z70QNs9n4HKjKTMw= -DnondexLogging=CONFIG
[[1;34mINFO[m] No Test Failed with this configuration.
[[1;34mINFO[m] *********
[[1;34mINFO[m] All tests pass without NonDex shuffling
[[1;34mINFO[m] ####################
[[1;34mINFO[m] Across all seeds:
[[1;34mINFO[m] Test results can be found at: 
[[1;34mINFO[m] file:///home/dev4nshik/srse-java/snowflake-jdbc=.=6356171.dir/snowflake-jdbc=.=6356171/Flaky/.nondex/n4CTr7CYmuNyCDkq0DtdMnDYCtrkXHXXBl5u9WWcpzE=/test_results.html
[[1;34mINFO[m] [NonDex] The id of this run is: n4CTr7CYmuNyCDkq0DtdMnDYCtrkXHXXBl5u9WWcpzE=
[[1;34mINFO[m] [1m------------------------------------------------------------------------[m
[[1;34mINFO[m] [1;32mBUILD SUCCESS[m
[[1;34mINFO[m] [1m------------------------------------------------------------------------[m
[[1;34mINFO[m] Total time:  25.909 s
[[1;34mINFO[m] Finished at: 2026-07-10T23:10:03Z
[[1;34mINFO[m] [1m------------------------------------------------------------------------[m
