[[1;34mINFO[m] Scanning for projects...
[[1;34mINFO[m] Inspecting build with total of 1 modules...
[[1;34mINFO[m] Installing Nexus Staging features:
[[1;34mINFO[m]   ... total of 1 executions of maven-deploy-plugin replaced with nexus-staging-maven-plugin
[[1;33mWARNING[m] Ignoring incompatible plugin version 4.0.0-beta-1: 
The plugin org.apache.maven.plugins:maven-resources-plugin:4.0.0-beta-1 has unmet prerequisites: 
	Required Java version 17 is not met by current version: 11.0.31
	Required Maven version 4.0.0-beta-3 is not met by current version 3.9.12
[[1;34mINFO[m] Latest version of plugin org.apache.maven.plugins:maven-resources-plugin failed compatibility check
[[1;34mINFO[m] Looking for compatible RELEASE version of plugin org.apache.maven.plugins:maven-resources-plugin
[[1;34mINFO[m] Selected plugin org.apache.maven.plugins:maven-resources-plugin:3.5.0
[[1;33mWARNING[m] Ignoring incompatible plugin version 4.0.0-beta-2: 
The plugin org.apache.maven.plugins:maven-install-plugin:4.0.0-beta-2 has unmet prerequisites: 
	Required Java version 17 is not met by current version: 11.0.31
	Required Maven version 4.0.0-rc-2 is not met by current version 3.9.12
[[1;34mINFO[m] Latest version of plugin org.apache.maven.plugins:maven-install-plugin failed compatibility check
[[1;34mINFO[m] Looking for compatible RELEASE version of plugin org.apache.maven.plugins:maven-install-plugin
[[1;33mWARNING[m] Ignoring incompatible plugin version 4.0.0-beta-1: 
The plugin org.apache.maven.plugins:maven-install-plugin:4.0.0-beta-1 has unmet prerequisites: 
	Required Java version 17 is not met by current version: 11.0.31
	Required Maven version 4.0.0-beta-3 is not met by current version 3.9.12
[[1;34mINFO[m] Selected plugin org.apache.maven.plugins:maven-install-plugin:3.1.4
[[1;33mWARNING[m] Ignoring incompatible plugin version 4.0.0-beta-2: 
The plugin org.apache.maven.plugins:maven-deploy-plugin:4.0.0-beta-2 has unmet prerequisites: 
	Required Java version 17 is not met by current version: 11.0.31
	Required Maven version 4.0.0-rc-2 is not met by current version 3.9.12
[[1;34mINFO[m] Latest version of plugin org.apache.maven.plugins:maven-deploy-plugin failed compatibility check
[[1;34mINFO[m] Looking for compatible RELEASE version of plugin org.apache.maven.plugins:maven-deploy-plugin
[[1;33mWARNING[m] Ignoring incompatible plugin version 4.0.0-beta-1: 
The plugin org.apache.maven.plugins:maven-deploy-plugin:4.0.0-beta-1 has unmet prerequisites: 
	Required Java version 17 is not met by current version: 11.0.31
	Required Maven version 4.0.0-beta-3 is not met by current version 3.9.12
[[1;34mINFO[m] Selected plugin org.apache.maven.plugins:maven-deploy-plugin:3.1.4
[[1;34mINFO[m] 
[[1;34mINFO[m] [1m----------------< [0;36mcom.networknt:json-schema-validator[0;1m >-----------------[m
[[1;34mINFO[m] [1mBuilding JsonSchemaValidator 1.0.64[m
[[1;34mINFO[m]   from pom.xml
[[1;34mINFO[m] [1m-------------------------------[ bundle ]-------------------------------[m
[[1;34mINFO[m] 
[[1;34mINFO[m] [1m--- [0;32msurefire:2.22.2:test[m [1m(default-cli)[m @ [36mjson-schema-validator[0;1m ---[m
[[1;34mINFO[m] 
[[1;34mINFO[m] -------------------------------------------------------
[[1;34mINFO[m]  T E S T S
[[1;34mINFO[m] -------------------------------------------------------
[[1;34mINFO[m] Running com.networknt.schema.[1mCollectorContext_add_1_0_Test[m
[[1;34mINFO[m] [1;32mTests run: [0;1;32m1[m, Failures: 0, Errors: 0, Skipped: 0, Time elapsed: 0.042 s - in com.networknt.schema.[1mCollectorContext_add_1_0_Test[m
[[1;34mINFO[m] 
[[1;34mINFO[m] Results:
[[1;34mINFO[m] 
[[1;34mINFO[m] [1;32mTests run: 1, Failures: 0, Errors: 0, Skipped: 0[m
[[1;34mINFO[m] 
[[1;34mINFO[m] [1m------------------------------------------------------------------------[m
[[1;34mINFO[m] [1;32mBUILD SUCCESS[m
[[1;34mINFO[m] [1m------------------------------------------------------------------------[m
[[1;34mINFO[m] Total time:  3.826 s
[[1;34mINFO[m] Finished at: 2026-07-11T22:36:49Z
[[1;34mINFO[m] [1m------------------------------------------------------------------------[m
