[[1;34mINFO[m] Scanning for projects...
[[1;34mINFO[m] 
[[1;34mINFO[m] [1m-------------< [0;36mcom.sap.charging:emobility-smart-charging[0;1m >--------------[m
[[1;34mINFO[m] [1mBuilding emobility-smart-charging 0.0.1-SNAPSHOT[m
[[1;34mINFO[m]   from pom.xml
[[1;34mINFO[m] [1m--------------------------------[ jar ]---------------------------------[m
[[1;33mWARNING[m] 1 problem was encountered while building the effective model for org.javassist:javassist:jar:3.21.0-GA during dependency collection step for project (use -X to see details)
[[1;33mWARNING[m] The artifact org.hibernate:hibernate-validator:jar:6.0.13.Final has been relocated to org.hibernate.validator:hibernate-validator:jar:6.0.13.Final
[[1;33mWARNING[m] The artifact javax.xml:jaxb-api:jar:2.1 has been relocated to javax.xml.bind:jaxb-api:jar:2.1
[[1;34mINFO[m] 
[[1;34mINFO[m] [1m--- [0;32msurefire:2.22.2:test[m [1m(default-cli)[m @ [36memobility-smart-charging[0;1m ---[m
[[1;34mINFO[m] 
[[1;34mINFO[m] -------------------------------------------------------
[[1;34mINFO[m]  T E S T S
[[1;34mINFO[m] -------------------------------------------------------
[[1;34mINFO[m] Running com.sap.charging.model.[1mFuseTree_equals_12_0_Test[m
[[1;34mINFO[m] [1;32mTests run: [0;1;32m8[m, Failures: 0, Errors: 0, Skipped: 0, Time elapsed: 0.049 s - in com.sap.charging.model.[1mFuseTree_equals_12_0_Test[m
[[1;34mINFO[m] 
[[1;34mINFO[m] Results:
[[1;34mINFO[m] 
[[1;34mINFO[m] [1;32mTests run: 8, Failures: 0, Errors: 0, Skipped: 0[m
[[1;34mINFO[m] 
[[1;34mINFO[m] [1m------------------------------------------------------------------------[m
[[1;34mINFO[m] [1;32mBUILD SUCCESS[m
[[1;34mINFO[m] [1m------------------------------------------------------------------------[m
[[1;34mINFO[m] Total time:  3.200 s
[[1;34mINFO[m] Finished at: 2026-07-11T23:00:26Z
[[1;34mINFO[m] [1m------------------------------------------------------------------------[m
