[[1;34mINFO[m] Scanning for projects...
[[1;34mINFO[m] 
[[1;34mINFO[m] [1m-------------< [0;36mcom.sap.oss.phosphor:fosstars-rating-core[0;1m >--------------[m
[[1;34mINFO[m] [1mBuilding Fosstars Rating Core 1.9.0-SNAPSHOT[m
[[1;34mINFO[m]   from pom.xml
[[1;34mINFO[m] [1m--------------------------------[ jar ]---------------------------------[m
[[1;34mINFO[m] 
[[1;34mINFO[m] [1m--- [0;32msurefire:2.22.2:test[m [1m(default-cli)[m @ [36mfosstars-rating-core[0;1m ---[m
[[1;34mINFO[m] 
[[1;34mINFO[m] -------------------------------------------------------
[[1;34mINFO[m]  T E S T S
[[1;34mINFO[m] -------------------------------------------------------
[[1;34mINFO[m] Running com.sap.oss.phosphor.fosstars.data.artifact.[1mVulnerabilitiesFromOwaspDependencyCheck_cache_1_0_Test[m
[[1;34mINFO[m] [1;32mTests run: [0;1;32m1[m, Failures: 0, Errors: 0, Skipped: 0, Time elapsed: 0.194 s - in com.sap.oss.phosphor.fosstars.data.artifact.[1mVulnerabilitiesFromOwaspDependencyCheck_cache_1_0_Test[m
[[1;34mINFO[m] 
[[1;34mINFO[m] Results:
[[1;34mINFO[m] 
[[1;34mINFO[m] [1;32mTests run: 1, Failures: 0, Errors: 0, Skipped: 0[m
[[1;34mINFO[m] 
[[1;34mINFO[m] [1m------------------------------------------------------------------------[m
[[1;34mINFO[m] [1;32mBUILD SUCCESS[m
[[1;34mINFO[m] [1m------------------------------------------------------------------------[m
[[1;34mINFO[m] Total time:  3.139 s
[[1;34mINFO[m] Finished at: 2026-07-11T23:55:28Z
[[1;34mINFO[m] [1m------------------------------------------------------------------------[m
