[[1;34mINFO[m] Scanning for projects...
[[1;34mINFO[m] Inspecting build with total of 1 modules...
[[1;34mINFO[m] Installing Nexus Staging features:
[[1;34mINFO[m]   ... total of 1 executions of maven-deploy-plugin replaced with nexus-staging-maven-plugin
[[1;34mINFO[m] 
[[1;34mINFO[m] [1m-------------------< [0;36morg.snakeyaml:snakeyaml-engine[0;1m >-------------------[m
[[1;34mINFO[m] [1mBuilding SnakeYAML Engine 2.7-SNAPSHOT[m
[[1;34mINFO[m]   from pom.xml
[[1;34mINFO[m] [1m-------------------------------[ bundle ]-------------------------------[m
[[1;33mWARNING[m] Ignoring incompatible plugin version 4.0.0-beta-2: 
The plugin org.apache.maven.plugins:maven-install-plugin:4.0.0-beta-2 has unmet prerequisites: 
	Required Java version 17 is not met by current version: 11.0.31
	Required Maven version 4.0.0-rc-2 is not met by current version 3.9.12
[[1;34mINFO[m] Latest version of plugin org.apache.maven.plugins:maven-install-plugin failed compatibility check
[[1;34mINFO[m] Looking for compatible RELEASE version of plugin org.apache.maven.plugins:maven-install-plugin
[[1;33mWARNING[m] Ignoring incompatible plugin version 4.0.0-beta-1: 
The plugin org.apache.maven.plugins:maven-install-plugin:4.0.0-beta-1 has unmet prerequisites: 
	Required Java version 17 is not met by current version: 11.0.31
	Required Maven version 4.0.0-beta-3 is not met by current version 3.9.12
[[1;34mINFO[m] Selected plugin org.apache.maven.plugins:maven-install-plugin:3.1.4
[[1;33mWARNING[m] Ignoring incompatible plugin version 4.0.0-beta-2: 
The plugin org.apache.maven.plugins:maven-deploy-plugin:4.0.0-beta-2 has unmet prerequisites: 
	Required Java version 17 is not met by current version: 11.0.31
	Required Maven version 4.0.0-rc-2 is not met by current version 3.9.12
[[1;34mINFO[m] Latest version of plugin org.apache.maven.plugins:maven-deploy-plugin failed compatibility check
[[1;34mINFO[m] Looking for compatible RELEASE version of plugin org.apache.maven.plugins:maven-deploy-plugin
[[1;33mWARNING[m] Ignoring incompatible plugin version 4.0.0-beta-1: 
The plugin org.apache.maven.plugins:maven-deploy-plugin:4.0.0-beta-1 has unmet prerequisites: 
	Required Java version 17 is not met by current version: 11.0.31
	Required Maven version 4.0.0-beta-3 is not met by current version 3.9.12
[[1;34mINFO[m] Selected plugin org.apache.maven.plugins:maven-deploy-plugin:3.1.4
[[1;34mINFO[m] 
[[1;34mINFO[m] [1m--- [0;32menforcer:3.0.0-M2:enforce[m [1m(enforce-maven)[m @ [36msnakeyaml-engine[0;1m ---[m
[[1;34mINFO[m] Skipping Rule Enforcement.
[[1;34mINFO[m] 
[[1;34mINFO[m] [1m--- [0;32mformatter:2.20.0:format[m [1m(default)[m @ [36msnakeyaml-engine[0;1m ---[m
[[1;34mINFO[m] Processed 136 files in 829ms (Formatted: 0, Unchanged: 136, Failed: 0, Readonly: 0)
[[1;34mINFO[m] 
[[1;34mINFO[m] [1m--- [0;32mresources:3.1.0:resources[m [1m(default-resources)[m @ [36msnakeyaml-engine[0;1m ---[m
[[1;34mINFO[m] Using 'UTF-8' encoding to copy filtered resources.
[[1;34mINFO[m] skip non existing resourceDirectory /home/dev4nshik/srse-java/snakeyaml-engine=.=9d2bca8.dir/snakeyaml-engine=.=9d2bca8/Flaky/src/main/resources
[[1;34mINFO[m] 
[[1;34mINFO[m] [1m--- [0;32mcompiler:3.10.1:compile[m [1m(default-compile)[m @ [36msnakeyaml-engine[0;1m ---[m
[[1;34mINFO[m] Nothing to compile - all classes are up to date
[[1;34mINFO[m] 
[[1;34mINFO[m] [1m--- [0;32mcompiler:3.10.1:compile[m [1m(module-info-compile)[m @ [36msnakeyaml-engine[0;1m ---[m
[[1;33mWARNING[m]  Parameter 'compileSourceRoots' is read-only, must not be used in configuration
[[1;33mWARNING[m] Can't extract module name from chatunitest-starter-1.4.0.pom: '/home/dev4nshik/.m2/repository/io/github/ZJU-ACES-ISE/chatunitest-starter/1.4.0/chatunitest-starter-1.4.0.pom' not allowed on the path, only outputDirectories and jars are accepted
[[1;34mINFO[m] Nothing to compile - all classes are up to date
[[1;34mINFO[m] 
[[1;34mINFO[m] [1m--- [0;32mresources:3.1.0:testResources[m [1m(default-testResources)[m @ [36msnakeyaml-engine[0;1m ---[m
[[1;34mINFO[m] Using 'UTF-8' encoding to copy filtered resources.
[[1;34mINFO[m] Copying 2269 resources
[[1;34mINFO[m] 
[[1;34mINFO[m] [1m--- [0;32mcompiler:3.10.1:testCompile[m [1m(default-testCompile)[m @ [36msnakeyaml-engine[0;1m ---[m
[[1;34mINFO[m] Changes detected - recompiling the module!
[[1;34mINFO[m] Compiling 3 source files to /home/dev4nshik/srse-java/snakeyaml-engine=.=9d2bca8.dir/snakeyaml-engine=.=9d2bca8/Flaky/target/test-classes
[[1;34mINFO[m] [1m------------------------------------------------------------------------[m
[[1;34mINFO[m] [1;32mBUILD SUCCESS[m
[[1;34mINFO[m] [1m------------------------------------------------------------------------[m
[[1;34mINFO[m] Total time:  5.346 s
[[1;34mINFO[m] Finished at: 2026-07-11T00:56:42Z
[[1;34mINFO[m] [1m------------------------------------------------------------------------[m
