[[1;34mINFO[m] Scanning for projects...
[[1;34mINFO[m] Inspecting build with total of 1 modules...
[[1;34mINFO[m] Installing Nexus Staging features:
[[1;34mINFO[m]   ... total of 1 executions of maven-deploy-plugin replaced with nexus-staging-maven-plugin
[[1;34mINFO[m] 
[[1;34mINFO[m] [1m------------------------< [0;36morg.bytedeco:javacpp[0;1m >------------------------[m
[[1;34mINFO[m] [1mBuilding JavaCPP 1.5.11-SNAPSHOT[m
[[1;34mINFO[m]   from pom.xml
[[1;34mINFO[m] [1m--------------------------------[ jar ]---------------------------------[m
[[1;34mINFO[m] 
[[1;34mINFO[m] [1m>>> [0;32mnondex:2.1.1:nondex[m [1m(default-cli)[0;1m > [0;1mtest-compile[m @ [36mjavacpp[0;1m >>>[m
[[1;34mINFO[m] 
[[1;34mINFO[m] [1m--- [0;32mresources:3.3.1:resources[m [1m(default-resources)[m @ [36mjavacpp[0;1m ---[m
[[1;34mINFO[m] Copying 40 resources from src/main/resources to target/classes
[[1;34mINFO[m] 
[[1;34mINFO[m] [1m--- [0;32mcompiler:3.12.1:compile[m [1m(default-compile)[m @ [36mjavacpp[0;1m ---[m
[[1;34mINFO[m] Nothing to compile - all classes are up to date.
[[1;34mINFO[m] 
[[1;34mINFO[m] [1m--- [0;32mplugin:3.9.0:descriptor[m [1m(default-descriptor)[m @ [36mjavacpp[0;1m ---[m
[[1;34mINFO[m] Using 'UTF-8' encoding to read mojo source files.
[[1;34mINFO[m] java-annotations mojo extractor found 4 mojo descriptors.
[[1;34mINFO[m] java-javadoc mojo extractor found 0 mojo descriptor.
[[1;34mINFO[m] ant mojo extractor found 0 mojo descriptor.
[[1;34mINFO[m] bsh mojo extractor found 0 mojo descriptor.
[[1;34mINFO[m] 
[[1;34mINFO[m] [1m--- [0;32mbnd:6.4.0:bnd-process[m [1m(default)[m @ [36mjavacpp[0;1m ---[m
[[1;33mWARNING[m] Cannot consider developer in line '31' of file '/home/dev4nshik/srse-java/javacpp=.=2fd35c6.dir/javacpp=.=2fd35c6/Flaky/pom.xml' for bundle header 'Bundle-Developers' as it does not contain the mandatory id.
[[1;34mINFO[m] 
[[1;34mINFO[m] [1m--- [0;32mresources:3.3.1:testResources[m [1m(default-testResources)[m @ [36mjavacpp[0;1m ---[m
[[1;34mINFO[m] Copying 4 resources from src/test/resources to target/test-classes
[[1;34mINFO[m] 
[[1;34mINFO[m] [1m--- [0;32mcompiler:3.12.1:testCompile[m [1m(default-testCompile)[m @ [36mjavacpp[0;1m ---[m
[[1;34mINFO[m] Nothing to compile - all classes are up to date.
[[1;34mINFO[m] 
[[1;34mINFO[m] [1m<<< [0;32mnondex:2.1.1:nondex[m [1m(default-cli)[0;1m < [0;1mtest-compile[m @ [36mjavacpp[0;1m <<<[m
[[1;34mINFO[m] 
[[1;34mINFO[m] 
[[1;34mINFO[m] [1m--- [0;32mnondex:2.1.1:nondex[m [1m(default-cli)[m @ [36mjavacpp[0;1m ---[m
INFO: The original argline is: 
INFO: Creating new argline for Surefire
CONFIG: nondexFilter=.*
nondexMode=FULL
nondexSeed=933178
nondexStart=0
nondexEnd=9223372036854775807
nondexPrintstack=false
nondexDir=/home/dev4nshik/srse-java/javacpp=.=2fd35c6.dir/javacpp=.=2fd35c6/Flaky/.nondex
nondexJarDir=.nondex
nondexExecid=clean_kEuWpdiUlmfnPj28D+MNuIH1zicgjw5mDe4L6KWxs=
nondexLogging=CONFIG
test=
[[1;33mWARNING[m]  Parameter 'disableXmlReport' (user property 'disableXmlReport') is deprecated: No reason given
[[1;33mWARNING[m]  Parameter 'systemProperties' is deprecated: Use systemPropertyVariables instead.
[[1;34mINFO[m] Using configured provider org.apache.maven.surefire.junitplatform.JUnitPlatformProvider
[[1;34mINFO[m] 
[[1;34mINFO[m] -------------------------------------------------------
[[1;34mINFO[m]  T E S T S
[[1;34mINFO[m] -------------------------------------------------------
[[1;34mINFO[m] Running org.bytedeco.javacpp.indexer.[1mULongIndexer_toBigInteger_14_0_Test[m
[[1;34mINFO[m] [1;32mTests run: [0;1;32m1[m, Failures: 0, Errors: 0, Skipped: 0, Time elapsed: 0.058 s -- in org.bytedeco.javacpp.indexer.[1mULongIndexer_toBigInteger_14_0_Test[m
[[1;34mINFO[m] Running org.bytedeco.javacpp.indexer.[1mULongIndexer_create_3_0_Test[m
[[1;34mINFO[m] [1;32mTests run: [0;1;32m1[m, Failures: 0, Errors: 0, Skipped: 0, Time elapsed: 0.529 s -- in org.bytedeco.javacpp.indexer.[1mULongIndexer_create_3_0_Test[m
[[1;34mINFO[m] Running org.bytedeco.javacpp.indexer.[1mULongIndexer_create_12_0_Test[m
[[1;34mINFO[m] [1;32mTests run: [0;1;32m1[m, Failures: 0, Errors: 0, Skipped: 0, Time elapsed: 0.394 s -- in org.bytedeco.javacpp.indexer.[1mULongIndexer_create_12_0_Test[m
[[1;34mINFO[m] Running org.bytedeco.javacpp.indexer.[1mULongIndexer_create_9_0_Test[m
[[1;34mINFO[m] [1;32mTests run: [0;1;32m1[m, Failures: 0, Errors: 0, Skipped: 0, Time elapsed: 0.004 s -- in org.bytedeco.javacpp.indexer.[1mULongIndexer_create_9_0_Test[m
[[1;34mINFO[m] Running org.bytedeco.javacpp.indexer.[1mULongIndexer_create_1_0_Test[m
[[1;34mINFO[m] [1;32mTests run: [0;1;32m1[m, Failures: 0, Errors: 0, Skipped: 0, Time elapsed: 0.004 s -- in org.bytedeco.javacpp.indexer.[1mULongIndexer_create_1_0_Test[m
[[1;34mINFO[m] Running org.bytedeco.javacpp.indexer.[1mULongIndexer_create_10_0_Test[m
[[1;34mINFO[m] [1;32mTests run: [0;1;32m1[m, Failures: 0, Errors: 0, Skipped: 0, Time elapsed: 0.003 s -- in org.bytedeco.javacpp.indexer.[1mULongIndexer_create_10_0_Test[m
[[1;34mINFO[m] Running org.bytedeco.javacpp.indexer.[1mULongIndexer_get_18_0_Test[m
[[1;34mINFO[m] [1;32mTests run: [0;1;32m1[m, Failures: 0, Errors: 0, Skipped: 0, Time elapsed: 0.094 s -- in org.bytedeco.javacpp.indexer.[1mULongIndexer_get_18_0_Test[m
[[1;34mINFO[m] Running org.bytedeco.javacpp.indexer.[1mULongIndexer_get_21_0_Test[m
[[1;34mINFO[m] [1;32mTests run: [0;1;32m1[m, Failures: 0, Errors: 0, Skipped: 0, Time elapsed: 0.010 s -- in org.bytedeco.javacpp.indexer.[1mULongIndexer_get_21_0_Test[m
[[1;34mINFO[m] Running org.bytedeco.javacpp.indexer.[1mULongIndexer_create_0_0_Test[m
[[1;34mINFO[m] [1;32mTests run: [0;1;32m1[m, Failures: 0, Errors: 0, Skipped: 0, Time elapsed: 0.003 s -- in org.bytedeco.javacpp.indexer.[1mULongIndexer_create_0_0_Test[m
[[1;34mINFO[m] Running org.bytedeco.javacpp.indexer.[1mULongIndexer_fromBigInteger_15_0_Test[m
[[1;34mINFO[m] [1;32mTests run: [0;1;32m1[m, Failures: 0, Errors: 0, Skipped: 0, Time elapsed: 0.003 s -- in org.bytedeco.javacpp.indexer.[1mULongIndexer_fromBigInteger_15_0_Test[m
[[1;34mINFO[m] 
[[1;34mINFO[m] Results:
[[1;34mINFO[m] 
[[1;34mINFO[m] [1;32mTests run: 10, Failures: 0, Errors: 0, Skipped: 0[m
[[1;34mINFO[m] 
INFO: Adding excluded groups to newly created one
INFO: Creating new argline for Surefire
CONFIG: nondexFilter=.*
nondexMode=FULL
nondexSeed=933178
nondexStart=0
nondexEnd=9223372036854775807
nondexPrintstack=false
nondexDir=/home/dev4nshik/srse-java/javacpp=.=2fd35c6.dir/javacpp=.=2fd35c6/Flaky/.nondex
nondexJarDir=/home/dev4nshik/srse-java/javacpp=.=2fd35c6.dir/javacpp=.=2fd35c6/Flaky/.nondex
nondexExecid=SgDGLYfadbeqPKoStEg2nK9HxOT0SOHnTPOX+QtBZbQ=
nondexLogging=CONFIG
test=
[[1;33mWARNING[m]  Parameter 'disableXmlReport' (user property 'disableXmlReport') is deprecated: No reason given
[[1;33mWARNING[m]  Parameter 'systemProperties' is deprecated: Use systemPropertyVariables instead.
[[1;34mINFO[m] Using configured provider org.apache.maven.surefire.junitplatform.JUnitPlatformProvider
[[1;34mINFO[m] 
[[1;34mINFO[m] -------------------------------------------------------
[[1;34mINFO[m]  T E S T S
[[1;34mINFO[m] -------------------------------------------------------
[[1;34mINFO[m] Running org.bytedeco.javacpp.indexer.[1mULongIndexer_toBigInteger_14_0_Test[m
[[1;34mINFO[m] [1;32mTests run: [0;1;32m1[m, Failures: 0, Errors: 0, Skipped: 0, Time elapsed: 0.054 s -- in org.bytedeco.javacpp.indexer.[1mULongIndexer_toBigInteger_14_0_Test[m
[[1;34mINFO[m] Running org.bytedeco.javacpp.indexer.[1mULongIndexer_create_3_0_Test[m
[[1;34mINFO[m] [1;32mTests run: [0;1;32m1[m, Failures: 0, Errors: 0, Skipped: 0, Time elapsed: 0.503 s -- in org.bytedeco.javacpp.indexer.[1mULongIndexer_create_3_0_Test[m
[[1;34mINFO[m] Running org.bytedeco.javacpp.indexer.[1mULongIndexer_create_12_0_Test[m
[[1;34mINFO[m] [1;32mTests run: [0;1;32m1[m, Failures: 0, Errors: 0, Skipped: 0, Time elapsed: 0.231 s -- in org.bytedeco.javacpp.indexer.[1mULongIndexer_create_12_0_Test[m
[[1;34mINFO[m] Running org.bytedeco.javacpp.indexer.[1mULongIndexer_create_9_0_Test[m
[[1;34mINFO[m] [1;32mTests run: [0;1;32m1[m, Failures: 0, Errors: 0, Skipped: 0, Time elapsed: 0.006 s -- in org.bytedeco.javacpp.indexer.[1mULongIndexer_create_9_0_Test[m
[[1;34mINFO[m] Running org.bytedeco.javacpp.indexer.[1mULongIndexer_create_1_0_Test[m
[[1;34mINFO[m] [1;32mTests run: [0;1;32m1[m, Failures: 0, Errors: 0, Skipped: 0, Time elapsed: 0.005 s -- in org.bytedeco.javacpp.indexer.[1mULongIndexer_create_1_0_Test[m
[[1;34mINFO[m] Running org.bytedeco.javacpp.indexer.[1mULongIndexer_create_10_0_Test[m
[[1;34mINFO[m] [1;32mTests run: [0;1;32m1[m, Failures: 0, Errors: 0, Skipped: 0, Time elapsed: 0.007 s -- in org.bytedeco.javacpp.indexer.[1mULongIndexer_create_10_0_Test[m
[[1;34mINFO[m] Running org.bytedeco.javacpp.indexer.[1mULongIndexer_get_18_0_Test[m
[[1;34mINFO[m] [1;32mTests run: [0;1;32m1[m, Failures: 0, Errors: 0, Skipped: 0, Time elapsed: 0.120 s -- in org.bytedeco.javacpp.indexer.[1mULongIndexer_get_18_0_Test[m
[[1;34mINFO[m] Running org.bytedeco.javacpp.indexer.[1mULongIndexer_get_21_0_Test[m
[[1;34mINFO[m] [1;32mTests run: [0;1;32m1[m, Failures: 0, Errors: 0, Skipped: 0, Time elapsed: 0.008 s -- in org.bytedeco.javacpp.indexer.[1mULongIndexer_get_21_0_Test[m
[[1;34mINFO[m] Running org.bytedeco.javacpp.indexer.[1mULongIndexer_create_0_0_Test[m
[[1;34mINFO[m] [1;32mTests run: [0;1;32m1[m, Failures: 0, Errors: 0, Skipped: 0, Time elapsed: 0.004 s -- in org.bytedeco.javacpp.indexer.[1mULongIndexer_create_0_0_Test[m
[[1;34mINFO[m] Running org.bytedeco.javacpp.indexer.[1mULongIndexer_fromBigInteger_15_0_Test[m
[[1;34mINFO[m] [1;32mTests run: [0;1;32m1[m, Failures: 0, Errors: 0, Skipped: 0, Time elapsed: 0.004 s -- in org.bytedeco.javacpp.indexer.[1mULongIndexer_fromBigInteger_15_0_Test[m
[[1;34mINFO[m] 
[[1;34mINFO[m] Results:
[[1;34mINFO[m] 
[[1;34mINFO[m] [1;32mTests run: 10, Failures: 0, Errors: 0, Skipped: 0[m
[[1;34mINFO[m] 
INFO: Adding excluded groups to newly created one
INFO: Creating new argline for Surefire
CONFIG: nondexFilter=.*
nondexMode=FULL
nondexSeed=974622
nondexStart=0
nondexEnd=9223372036854775807
nondexPrintstack=false
nondexDir=/home/dev4nshik/srse-java/javacpp=.=2fd35c6.dir/javacpp=.=2fd35c6/Flaky/.nondex
nondexJarDir=/home/dev4nshik/srse-java/javacpp=.=2fd35c6.dir/javacpp=.=2fd35c6/Flaky/.nondex
nondexExecid=gzkZBHYVisUxJRWeFN9P4799wJQlbl0FXfl6qYsbdM=
nondexLogging=CONFIG
test=
[[1;33mWARNING[m]  Parameter 'disableXmlReport' (user property 'disableXmlReport') is deprecated: No reason given
[[1;33mWARNING[m]  Parameter 'systemProperties' is deprecated: Use systemPropertyVariables instead.
[[1;34mINFO[m] Using configured provider org.apache.maven.surefire.junitplatform.JUnitPlatformProvider
[[1;34mINFO[m] 
[[1;34mINFO[m] -------------------------------------------------------
[[1;34mINFO[m]  T E S T S
[[1;34mINFO[m] -------------------------------------------------------
[[1;34mINFO[m] Running org.bytedeco.javacpp.indexer.[1mULongIndexer_toBigInteger_14_0_Test[m
[[1;34mINFO[m] [1;32mTests run: [0;1;32m1[m, Failures: 0, Errors: 0, Skipped: 0, Time elapsed: 0.047 s -- in org.bytedeco.javacpp.indexer.[1mULongIndexer_toBigInteger_14_0_Test[m
[[1;34mINFO[m] Running org.bytedeco.javacpp.indexer.[1mULongIndexer_create_3_0_Test[m
[[1;34mINFO[m] [1;32mTests run: [0;1;32m1[m, Failures: 0, Errors: 0, Skipped: 0, Time elapsed: 0.510 s -- in org.bytedeco.javacpp.indexer.[1mULongIndexer_create_3_0_Test[m
[[1;34mINFO[m] Running org.bytedeco.javacpp.indexer.[1mULongIndexer_create_12_0_Test[m
[[1;34mINFO[m] [1;32mTests run: [0;1;32m1[m, Failures: 0, Errors: 0, Skipped: 0, Time elapsed: 0.257 s -- in org.bytedeco.javacpp.indexer.[1mULongIndexer_create_12_0_Test[m
[[1;34mINFO[m] Running org.bytedeco.javacpp.indexer.[1mULongIndexer_create_9_0_Test[m
[[1;34mINFO[m] [1;32mTests run: [0;1;32m1[m, Failures: 0, Errors: 0, Skipped: 0, Time elapsed: 0.004 s -- in org.bytedeco.javacpp.indexer.[1mULongIndexer_create_9_0_Test[m
[[1;34mINFO[m] Running org.bytedeco.javacpp.indexer.[1mULongIndexer_create_1_0_Test[m
[[1;34mINFO[m] [1;32mTests run: [0;1;32m1[m, Failures: 0, Errors: 0, Skipped: 0, Time elapsed: 0.005 s -- in org.bytedeco.javacpp.indexer.[1mULongIndexer_create_1_0_Test[m
[[1;34mINFO[m] Running org.bytedeco.javacpp.indexer.[1mULongIndexer_create_10_0_Test[m
[[1;34mINFO[m] [1;32mTests run: [0;1;32m1[m, Failures: 0, Errors: 0, Skipped: 0, Time elapsed: 0.007 s -- in org.bytedeco.javacpp.indexer.[1mULongIndexer_create_10_0_Test[m
[[1;34mINFO[m] Running org.bytedeco.javacpp.indexer.[1mULongIndexer_get_18_0_Test[m
[[1;34mINFO[m] [1;32mTests run: [0;1;32m1[m, Failures: 0, Errors: 0, Skipped: 0, Time elapsed: 0.117 s -- in org.bytedeco.javacpp.indexer.[1mULongIndexer_get_18_0_Test[m
[[1;34mINFO[m] Running org.bytedeco.javacpp.indexer.[1mULongIndexer_get_21_0_Test[m
[[1;34mINFO[m] [1;32mTests run: [0;1;32m1[m, Failures: 0, Errors: 0, Skipped: 0, Time elapsed: 0.008 s -- in org.bytedeco.javacpp.indexer.[1mULongIndexer_get_21_0_Test[m
[[1;34mINFO[m] Running org.bytedeco.javacpp.indexer.[1mULongIndexer_create_0_0_Test[m
[[1;34mINFO[m] [1;32mTests run: [0;1;32m1[m, Failures: 0, Errors: 0, Skipped: 0, Time elapsed: 0.003 s -- in org.bytedeco.javacpp.indexer.[1mULongIndexer_create_0_0_Test[m
[[1;34mINFO[m] Running org.bytedeco.javacpp.indexer.[1mULongIndexer_fromBigInteger_15_0_Test[m
[[1;34mINFO[m] [1;32mTests run: [0;1;32m1[m, Failures: 0, Errors: 0, Skipped: 0, Time elapsed: 0.003 s -- in org.bytedeco.javacpp.indexer.[1mULongIndexer_fromBigInteger_15_0_Test[m
[[1;34mINFO[m] 
[[1;34mINFO[m] Results:
[[1;34mINFO[m] 
[[1;34mINFO[m] [1;32mTests run: 10, Failures: 0, Errors: 0, Skipped: 0[m
[[1;34mINFO[m] 
INFO: Adding excluded groups to newly created one
INFO: Creating new argline for Surefire
CONFIG: nondexFilter=.*
nondexMode=FULL
nondexSeed=1016066
nondexStart=0
nondexEnd=9223372036854775807
nondexPrintstack=false
nondexDir=/home/dev4nshik/srse-java/javacpp=.=2fd35c6.dir/javacpp=.=2fd35c6/Flaky/.nondex
nondexJarDir=/home/dev4nshik/srse-java/javacpp=.=2fd35c6.dir/javacpp=.=2fd35c6/Flaky/.nondex
nondexExecid=HdOlTAUh+cngXINDBtMdThnWTdomkjM3Y3meQkETU=
nondexLogging=CONFIG
test=
[[1;33mWARNING[m]  Parameter 'disableXmlReport' (user property 'disableXmlReport') is deprecated: No reason given
[[1;33mWARNING[m]  Parameter 'systemProperties' is deprecated: Use systemPropertyVariables instead.
[[1;34mINFO[m] Using configured provider org.apache.maven.surefire.junitplatform.JUnitPlatformProvider
[[1;34mINFO[m] 
[[1;34mINFO[m] -------------------------------------------------------
[[1;34mINFO[m]  T E S T S
[[1;34mINFO[m] -------------------------------------------------------
[[1;34mINFO[m] Running org.bytedeco.javacpp.indexer.[1mULongIndexer_toBigInteger_14_0_Test[m
[[1;34mINFO[m] [1;32mTests run: [0;1;32m1[m, Failures: 0, Errors: 0, Skipped: 0, Time elapsed: 0.061 s -- in org.bytedeco.javacpp.indexer.[1mULongIndexer_toBigInteger_14_0_Test[m
[[1;34mINFO[m] Running org.bytedeco.javacpp.indexer.[1mULongIndexer_create_3_0_Test[m
[[1;34mINFO[m] [1;32mTests run: [0;1;32m1[m, Failures: 0, Errors: 0, Skipped: 0, Time elapsed: 0.573 s -- in org.bytedeco.javacpp.indexer.[1mULongIndexer_create_3_0_Test[m
[[1;34mINFO[m] Running org.bytedeco.javacpp.indexer.[1mULongIndexer_create_12_0_Test[m
[[1;34mINFO[m] [1;32mTests run: [0;1;32m1[m, Failures: 0, Errors: 0, Skipped: 0, Time elapsed: 0.261 s -- in org.bytedeco.javacpp.indexer.[1mULongIndexer_create_12_0_Test[m
[[1;34mINFO[m] Running org.bytedeco.javacpp.indexer.[1mULongIndexer_create_9_0_Test[m
[[1;34mINFO[m] [1;32mTests run: [0;1;32m1[m, Failures: 0, Errors: 0, Skipped: 0, Time elapsed: 0.007 s -- in org.bytedeco.javacpp.indexer.[1mULongIndexer_create_9_0_Test[m
[[1;34mINFO[m] Running org.bytedeco.javacpp.indexer.[1mULongIndexer_create_1_0_Test[m
[[1;34mINFO[m] [1;32mTests run: [0;1;32m1[m, Failures: 0, Errors: 0, Skipped: 0, Time elapsed: 0.007 s -- in org.bytedeco.javacpp.indexer.[1mULongIndexer_create_1_0_Test[m
[[1;34mINFO[m] Running org.bytedeco.javacpp.indexer.[1mULongIndexer_create_10_0_Test[m
[[1;34mINFO[m] [1;32mTests run: [0;1;32m1[m, Failures: 0, Errors: 0, Skipped: 0, Time elapsed: 0.005 s -- in org.bytedeco.javacpp.indexer.[1mULongIndexer_create_10_0_Test[m
[[1;34mINFO[m] Running org.bytedeco.javacpp.indexer.[1mULongIndexer_get_18_0_Test[m
[[1;34mINFO[m] [1;32mTests run: [0;1;32m1[m, Failures: 0, Errors: 0, Skipped: 0, Time elapsed: 0.127 s -- in org.bytedeco.javacpp.indexer.[1mULongIndexer_get_18_0_Test[m
[[1;34mINFO[m] Running org.bytedeco.javacpp.indexer.[1mULongIndexer_get_21_0_Test[m
[[1;34mINFO[m] [1;32mTests run: [0;1;32m1[m, Failures: 0, Errors: 0, Skipped: 0, Time elapsed: 0.010 s -- in org.bytedeco.javacpp.indexer.[1mULongIndexer_get_21_0_Test[m
[[1;34mINFO[m] Running org.bytedeco.javacpp.indexer.[1mULongIndexer_create_0_0_Test[m
[[1;34mINFO[m] [1;32mTests run: [0;1;32m1[m, Failures: 0, Errors: 0, Skipped: 0, Time elapsed: 0.006 s -- in org.bytedeco.javacpp.indexer.[1mULongIndexer_create_0_0_Test[m
[[1;34mINFO[m] Running org.bytedeco.javacpp.indexer.[1mULongIndexer_fromBigInteger_15_0_Test[m
[[1;34mINFO[m] [1;32mTests run: [0;1;32m1[m, Failures: 0, Errors: 0, Skipped: 0, Time elapsed: 0.004 s -- in org.bytedeco.javacpp.indexer.[1mULongIndexer_fromBigInteger_15_0_Test[m
[[1;34mINFO[m] 
[[1;34mINFO[m] Results:
[[1;34mINFO[m] 
[[1;34mINFO[m] [1;32mTests run: 10, Failures: 0, Errors: 0, Skipped: 0[m
[[1;34mINFO[m] 
[[1;34mINFO[m] NonDex SUMMARY:
[[1;34mINFO[m] *********
[[1;34mINFO[m] mvn nondex:nondex  -DnondexFilter='.*' -DnondexMode=FULL -DnondexSeed=933178 -DnondexStart=0 -DnondexEnd=9223372036854775807 -DnondexPrintstack=false -DnondexDir="/home/dev4nshik/srse-java/javacpp=.=2fd35c6.dir/javacpp=.=2fd35c6/Flaky/.nondex" -DnondexJarDir="/home/dev4nshik/srse-java/javacpp=.=2fd35c6.dir/javacpp=.=2fd35c6/Flaky/.nondex" -DnondexExecid=SgDGLYfadbeqPKoStEg2nK9HxOT0SOHnTPOX+QtBZbQ= -DnondexLogging=CONFIG
[[1;34mINFO[m] No Test Failed with this configuration.
[[1;34mINFO[m] *********
[[1;34mINFO[m] *********
[[1;34mINFO[m] mvn nondex:nondex  -DnondexFilter='.*' -DnondexMode=FULL -DnondexSeed=974622 -DnondexStart=0 -DnondexEnd=9223372036854775807 -DnondexPrintstack=false -DnondexDir="/home/dev4nshik/srse-java/javacpp=.=2fd35c6.dir/javacpp=.=2fd35c6/Flaky/.nondex" -DnondexJarDir="/home/dev4nshik/srse-java/javacpp=.=2fd35c6.dir/javacpp=.=2fd35c6/Flaky/.nondex" -DnondexExecid=gzkZBHYVisUxJRWeFN9P4799wJQlbl0FXfl6qYsbdM= -DnondexLogging=CONFIG
[[1;34mINFO[m] No Test Failed with this configuration.
[[1;34mINFO[m] *********
[[1;34mINFO[m] *********
[[1;34mINFO[m] mvn nondex:nondex  -DnondexFilter='.*' -DnondexMode=FULL -DnondexSeed=1016066 -DnondexStart=0 -DnondexEnd=9223372036854775807 -DnondexPrintstack=false -DnondexDir="/home/dev4nshik/srse-java/javacpp=.=2fd35c6.dir/javacpp=.=2fd35c6/Flaky/.nondex" -DnondexJarDir="/home/dev4nshik/srse-java/javacpp=.=2fd35c6.dir/javacpp=.=2fd35c6/Flaky/.nondex" -DnondexExecid=HdOlTAUh+cngXINDBtMdThnWTdomkjM3Y3meQkETU= -DnondexLogging=CONFIG
[[1;34mINFO[m] No Test Failed with this configuration.
[[1;34mINFO[m] *********
[[1;34mINFO[m] All tests pass without NonDex shuffling
[[1;34mINFO[m] ####################
[[1;34mINFO[m] Across all seeds:
[[1;34mINFO[m] Test results can be found at: 
[[1;34mINFO[m] file:///home/dev4nshik/srse-java/javacpp=.=2fd35c6.dir/javacpp=.=2fd35c6/Flaky/.nondex/SgDGLYfadbeqPKoStEg2nK9HxOT0SOHnTPOX+QtBZbQ=/test_results.html
[[1;34mINFO[m] [NonDex] The id of this run is: SgDGLYfadbeqPKoStEg2nK9HxOT0SOHnTPOX+QtBZbQ=
[[1;34mINFO[m] [1m------------------------------------------------------------------------[m
[[1;34mINFO[m] [1;32mBUILD SUCCESS[m
[[1;34mINFO[m] [1m------------------------------------------------------------------------[m
[[1;34mINFO[m] Total time:  17.991 s
[[1;34mINFO[m] Finished at: 2026-07-10T22:11:49Z
[[1;34mINFO[m] [1m------------------------------------------------------------------------[m
