=== [1] org.apache.commons.lang3.mutable.MutableShort 22:55 ===
| ? | MutableShort | org.apache.commons.lang3.mutable.MutableShort | files:22 | clean:52 | excl:0 | ID:0 | OD:0 | ND:pending | none |
=== [2] org.apache.commons.lang3.mutable.MutableByte 23:06 ===
| ? | MutableByte | org.apache.commons.lang3.mutable.MutableByte | files:22 | clean:27 | excl:5 | ID:0 | OD:0 | ND:pending | none |
=== [3] org.apache.ibatis.jdbc.AbstractSQL 23:17 ===
| ? | AbstractSQL | org.apache.ibatis.jdbc.AbstractSQL | files:0 | clean:0 | excl:0 | ID:n/a | OD:n/a | ND:pending | NULL: jar not built (pristine pom) |
=== [4] org.apache.ibatis.session.SqlSessionManager 23:19 ===
| ? | SqlSessionManager | org.apache.ibatis.session.SqlSessionManager | files:0 | clean:0 | excl:0 | ID:n/a | OD:n/a | ND:pending | NULL: jar not built (pristine pom) |
=== [5] org.apache.ibatis.session.defaults.DefaultSqlSession 23:21 ===
| ? | DefaultSqlSession | org.apache.ibatis.session.defaults.DefaultSqlSession | files:0 | clean:0 | excl:0 | ID:n/a | OD:n/a | ND:pending | NULL: jar not built (pristine pom) |
=== [6] org.apache.maven.plugins.dependency.utils.DependencySilentLog 23:23 ===
| ? | DependencySilentLog | org.apache.maven.plugins.dependency.utils.DependencySilentLog | files:12 | clean:12 | excl:0 | ID:0 | OD:0 | ND:pending | none |
=== [7] org.apache.maven.plugins.dependency.exclusion.Coordinates 23:27 ===
| ? | Coordinates | org.apache.maven.plugins.dependency.exclusion.Coordinates | files:7 | clean:17 | excl:1 | ID:0 | OD:0 | ND:pending | none |
=== [8] org.apache.maven.plugins.dependency.fromConfiguration.ProcessArtifactItemsRequest 23:32 ===
| ? | ProcessArtifactItemsRequest | org.apache.maven.plugins.dependency.fromConfiguration.ProcessArtifactItemsRequest | files:3 | clean:4 | excl:0 | ID:0 | OD:0 | ND:pending | none |
=== [9] org.apache.commons.collections4.map.SingletonMap 23:36 ===
| ? | SingletonMap | org.apache.commons.collections4.map.SingletonMap | files:21 | clean:45 | excl:2 | ID:0 | OD:0 | ND:pending | none |
=== [10] org.apache.commons.collections4.map.Flat3Map 23:47 ===
| ? | Flat3Map | org.apache.commons.collections4.map.Flat3Map | files:15 | clean:45 | excl:3 | ID:0 | OD:0 | ND:pending | none |
=== [11] org.apache.commons.collections4.bidimap.AbstractDualBidiMap 00:01 ===
| ? | AbstractDualBidiMap | org.apache.commons.collections4.bidimap.AbstractDualBidiMap | files:17 | clean:38 | excl:2 | ID:0 | OD:0 | ND:pending | none |
DONE -> /home/dev4nshik/srse-research/results.md
