=== [1] net.snowflake.client.pooling.LogicalConnection 23:47 ===
| ? | ? | ? | files:0 | clean:0 | excl:0 | ID:n/a | OD:n/a | ND:pending | NULL: bad zip |
=== [2] net.snowflake.client.jdbc.SnowflakePreparedStatementV1 23:51 ===
| ? | SnowflakePreparedStatementV1 | net.snowflake.client.jdbc.SnowflakePreparedStatementV1 | files:2 | clean:0 | excl:0 | ID:n/a | OD:n/a | ND:pending | NULL: all 11 generated test classes broken |
=== [3] co.streamx.fluent.JPA.util.ScopedHashSet 00:16 ===
| ? | ScopedHashSet | co.streamx.fluent.JPA.util.ScopedHashSet | files:12 | clean:13 | excl:7 | ID:0 | OD:0 | ND:pending | none |
=== [4] co.streamx.fluent.JPA.util.ScopedHashMap 00:40 ===
| ? | ScopedHashMap | co.streamx.fluent.JPA.util.ScopedHashMap | files:12 | clean:17 | excl:5 | ID:0 | OD:0 | ND:pending | none |
=== [5] co.streamx.fluent.JPA.util.ScopedArrayList 00:44 ===
| ? | ScopedArrayList | co.streamx.fluent.JPA.util.ScopedArrayList | files:13 | clean:6 | excl:14 | ID:0 | OD:0 | ND:pending | none |
=== [6] org.snakeyaml.engine.v2.parser.ParserImpl 00:51 ===
| ? | ParserImpl | org.snakeyaml.engine.v2.parser.ParserImpl | files:3 | clean:0 | excl:0 | ID:n/a | OD:n/a | ND:pending | NULL: harness ran 0 tests |
=== [7] org.snakeyaml.engine.v2.emitter.Emitter 00:56 ===
| ? | Emitter | org.snakeyaml.engine.v2.emitter.Emitter | files:0 | clean:0 | excl:0 | ID:n/a | OD:n/a | ND:pending | NULL: harness ran 0 tests |
=== [8] org.snakeyaml.engine.v2.representer.StandardRepresenter 01:02 ===
| ? | StandardRepresenter | org.snakeyaml.engine.v2.representer.StandardRepresenter | files:1 | clean:0 | excl:0 | ID:n/a | OD:n/a | ND:pending | NULL: harness ran 0 tests |
=== [9] org.apache.commons.collections4.map.Flat3Map 01:06 ===
| ? | org.apache.commons.collections4.map.Flat3Map | - | - | - | - | - | - | TIMEOUT/CRASH |
=== [10] org.apache.commons.collections4.bidimap.AbstractDualBidiMap 01:31 ===
| ? | org.apache.commons.collections4.bidimap.AbstractDualBidiMap | - | - | - | - | - | - | TIMEOUT/CRASH |
=== [11] org.apache.commons.collections4.map.SingletonMap 01:56 ===
| ? | org.apache.commons.collections4.map.SingletonMap | - | - | - | - | - | - | TIMEOUT/CRASH |
DONE -> /home/dev4nshik/srse-research/results.md
