[[1;34mINFO[m] Scanning for projects...
[[1;34mINFO[m] Inspecting build with total of 1 modules...
[[1;34mINFO[m] Installing Nexus Staging features:
[[1;34mINFO[m]   ... total of 1 executions of maven-deploy-plugin replaced with nexus-staging-maven-plugin
[[1;34mINFO[m] 
[[1;34mINFO[m] [1m-------------------< [0;36morg.snakeyaml:snakeyaml-engine[0;1m >-------------------[m
[[1;34mINFO[m] [1mBuilding SnakeYAML Engine 2.7-SNAPSHOT[m
[[1;34mINFO[m]   from pom.xml
[[1;34mINFO[m] [1m-------------------------------[ bundle ]-------------------------------[m
[[1;33mWARNING[m] Ignoring incompatible plugin version 4.0.0-beta-2: 
The plugin org.apache.maven.plugins:maven-install-plugin:4.0.0-beta-2 has unmet prerequisites: 
	Required Java version 17 is not met by current version: 11.0.31
	Required Maven version 4.0.0-rc-2 is not met by current version 3.9.12
[[1;34mINFO[m] Latest version of plugin org.apache.maven.plugins:maven-install-plugin failed compatibility check
[[1;34mINFO[m] Looking for compatible RELEASE version of plugin org.apache.maven.plugins:maven-install-plugin
[[1;33mWARNING[m] Ignoring incompatible plugin version 4.0.0-beta-1: 
The plugin org.apache.maven.plugins:maven-install-plugin:4.0.0-beta-1 has unmet prerequisites: 
	Required Java version 17 is not met by current version: 11.0.31
	Required Maven version 4.0.0-beta-3 is not met by current version 3.9.12
[[1;34mINFO[m] Selected plugin org.apache.maven.plugins:maven-install-plugin:3.1.4
[[1;33mWARNING[m] Ignoring incompatible plugin version 4.0.0-beta-2: 
The plugin org.apache.maven.plugins:maven-deploy-plugin:4.0.0-beta-2 has unmet prerequisites: 
	Required Java version 17 is not met by current version: 11.0.31
	Required Maven version 4.0.0-rc-2 is not met by current version 3.9.12
[[1;34mINFO[m] Latest version of plugin org.apache.maven.plugins:maven-deploy-plugin failed compatibility check
[[1;34mINFO[m] Looking for compatible RELEASE version of plugin org.apache.maven.plugins:maven-deploy-plugin
[[1;33mWARNING[m] Ignoring incompatible plugin version 4.0.0-beta-1: 
The plugin org.apache.maven.plugins:maven-deploy-plugin:4.0.0-beta-1 has unmet prerequisites: 
	Required Java version 17 is not met by current version: 11.0.31
	Required Maven version 4.0.0-beta-3 is not met by current version 3.9.12
[[1;34mINFO[m] Selected plugin org.apache.maven.plugins:maven-deploy-plugin:3.1.4
[[1;34mINFO[m] 
[[1;34mINFO[m] [1m--- [0;32menforcer:3.0.0-M2:enforce[m [1m(enforce-maven)[m @ [36msnakeyaml-engine[0;1m ---[m
[[1;34mINFO[m] Skipping Rule Enforcement.
[[1;34mINFO[m] 
[[1;34mINFO[m] [1m--- [0;32mformatter:2.20.0:format[m [1m(default)[m @ [36msnakeyaml-engine[0;1m ---[m
[[1;34mINFO[m] Processed 136 files in 784ms (Formatted: 0, Unchanged: 136, Failed: 0, Readonly: 0)
[[1;34mINFO[m] 
[[1;34mINFO[m] [1m--- [0;32mresources:3.1.0:resources[m [1m(default-resources)[m @ [36msnakeyaml-engine[0;1m ---[m
[[1;34mINFO[m] Using 'UTF-8' encoding to copy filtered resources.
[[1;34mINFO[m] skip non existing resourceDirectory /home/dev4nshik/srse-java/snakeyaml-engine=.=9d2bca8.dir/snakeyaml-engine=.=9d2bca8/Flaky/src/main/resources
[[1;34mINFO[m] 
[[1;34mINFO[m] [1m--- [0;32mcompiler:3.10.1:compile[m [1m(default-compile)[m @ [36msnakeyaml-engine[0;1m ---[m
[[1;34mINFO[m] Nothing to compile - all classes are up to date
[[1;34mINFO[m] 
[[1;34mINFO[m] [1m--- [0;32mcompiler:3.10.1:compile[m [1m(module-info-compile)[m @ [36msnakeyaml-engine[0;1m ---[m
[[1;33mWARNING[m]  Parameter 'compileSourceRoots' is read-only, must not be used in configuration
[[1;33mWARNING[m] Can't extract module name from chatunitest-starter-1.4.0.pom: '/home/dev4nshik/.m2/repository/io/github/ZJU-ACES-ISE/chatunitest-starter/1.4.0/chatunitest-starter-1.4.0.pom' not allowed on the path, only outputDirectories and jars are accepted
[[1;34mINFO[m] Nothing to compile - all classes are up to date
[[1;34mINFO[m] 
[[1;34mINFO[m] [1m--- [0;32mresources:3.1.0:testResources[m [1m(default-testResources)[m @ [36msnakeyaml-engine[0;1m ---[m
[[1;34mINFO[m] Using 'UTF-8' encoding to copy filtered resources.
[[1;34mINFO[m] Copying 2269 resources
[[1;34mINFO[m] 
[[1;34mINFO[m] [1m--- [0;32mcompiler:3.10.1:testCompile[m [1m(default-testCompile)[m @ [36msnakeyaml-engine[0;1m ---[m
[[1;34mINFO[m] Changes detected - recompiling the module!
[[1;34mINFO[m] Compiling 3 source files to /home/dev4nshik/srse-java/snakeyaml-engine=.=9d2bca8.dir/snakeyaml-engine=.=9d2bca8/Flaky/target/test-classes
[[1;34mINFO[m] 
[[1;34mINFO[m] [1m--- [0;32msurefire:3.2.5:test[m [1m(default-test)[m @ [36msnakeyaml-engine[0;1m ---[m
[[1;34mINFO[m] Using configured provider org.apache.maven.surefire.junitplatform.JUnitPlatformProvider
[[1;34mINFO[m] 
[[1;34mINFO[m] -------------------------------------------------------
[[1;34mINFO[m]  T E S T S
[[1;34mINFO[m] -------------------------------------------------------
[[1;31mERROR[m] java.lang.NoClassDefFoundError: org/junit/platform/commons/PreconditionViolationException
[[1;34mINFO[m] 
[[1;34mINFO[m] Results:
[[1;34mINFO[m] 
[[1;34mINFO[m] Tests run: 0, Failures: 0, Errors: 0, Skipped: 0
[[1;34mINFO[m] 
[[1;34mINFO[m] [1m------------------------------------------------------------------------[m
[[1;34mINFO[m] [1;31mBUILD FAILURE[m
[[1;34mINFO[m] [1m------------------------------------------------------------------------[m
[[1;34mINFO[m] Total time:  6.923 s
[[1;34mINFO[m] Finished at: 2026-07-11T00:56:51Z
[[1;34mINFO[m] [1m------------------------------------------------------------------------[m
[[1;31mERROR[m] Failed to execute goal [32morg.apache.maven.plugins:maven-surefire-plugin:3.2.5:test[m [1m(default-test)[m on project [36msnakeyaml-engine[m: [1;31m[m
[[1;31mERROR[m] [1;31m[m
[[1;31mERROR[m] [1;31mPlease refer to /home/dev4nshik/srse-java/snakeyaml-engine=.=9d2bca8.dir/snakeyaml-engine=.=9d2bca8/Flaky/target/surefire-reports for the individual test results.[m
[[1;31mERROR[m] [1;31mPlease refer to dump files (if any exist) [date].dump, [date]-jvmRun[N].dump and [date].dumpstream.[m
[[1;31mERROR[m] [1;31mThere was an error in the forked process[m
[[1;31mERROR[m] [1;31mjava.lang.NoClassDefFoundError: org/junit/platform/commons/PreconditionViolationException[m
[[1;31mERROR[m] [1;31morg.apache.maven.surefire.booter.SurefireBooterForkException: There was an error in the forked process[m
[[1;31mERROR[m] [1;31mjava.lang.NoClassDefFoundError: org/junit/platform/commons/PreconditionViolationException[m
[[1;31mERROR[m] [1;31m	at org.apache.maven.plugin.surefire.booterclient.ForkStarter.fork(ForkStarter.java:628)[m
[[1;31mERROR[m] [1;31m	at org.apache.maven.plugin.surefire.booterclient.ForkStarter.run(ForkStarter.java:285)[m
[[1;31mERROR[m] [1;31m	at org.apache.maven.plugin.surefire.booterclient.ForkStarter.run(ForkStarter.java:250)[m
[[1;31mERROR[m] [1;31m	at org.apache.maven.plugin.surefire.AbstractSurefireMojo.executeProvider(AbstractSurefireMojo.java:1241)[m
[[1;31mERROR[m] [1;31m	at org.apache.maven.plugin.surefire.AbstractSurefireMojo.executeAfterPreconditionsChecked(AbstractSurefireMojo.java:1090)[m
[[1;31mERROR[m] [1;31m	at org.apache.maven.plugin.surefire.AbstractSurefireMojo.execute(AbstractSurefireMojo.java:910)[m
[[1;31mERROR[m] [1;31m	at org.apache.maven.plugin.DefaultBuildPluginManager.executeMojo(DefaultBuildPluginManager.java:126)[m
[[1;31mERROR[m] [1;31m	at org.apache.maven.lifecycle.internal.MojoExecutor.doExecute2(MojoExecutor.java:328)[m
[[1;31mERROR[m] [1;31m	at org.apache.maven.lifecycle.internal.MojoExecutor.doExecute(MojoExecutor.java:316)[m
[[1;31mERROR[m] [1;31m	at org.apache.maven.lifecycle.internal.MojoExecutor.execute(MojoExecutor.java:212)[m
[[1;31mERROR[m] [1;31m	at org.apache.maven.lifecycle.internal.MojoExecutor.execute(MojoExecutor.java:174)[m
[[1;31mERROR[m] [1;31m	at org.apache.maven.lifecycle.internal.MojoExecutor.access$000(MojoExecutor.java:75)[m
[[1;31mERROR[m] [1;31m	at org.apache.maven.lifecycle.internal.MojoExecutor$1.run(MojoExecutor.java:162)[m
[[1;31mERROR[m] [1;31m	at org.apache.maven.plugin.DefaultMojosExecutionStrategy.execute(DefaultMojosExecutionStrategy.java:39)[m
[[1;31mERROR[m] [1;31m	at org.apache.maven.lifecycle.internal.MojoExecutor.execute(MojoExecutor.java:159)[m
[[1;31mERROR[m] [1;31m	at org.apache.maven.lifecycle.internal.LifecycleModuleBuilder.buildProject(LifecycleModuleBuilder.java:105)[m
[[1;31mERROR[m] [1;31m	at org.apache.maven.lifecycle.internal.LifecycleModuleBuilder.buildProject(LifecycleModuleBuilder.java:73)[m
[[1;31mERROR[m] [1;31m	at org.apache.maven.lifecycle.internal.builder.singlethreaded.SingleThreadedBuilder.build(SingleThreadedBuilder.java:53)[m
[[1;31mERROR[m] [1;31m	at org.apache.maven.lifecycle.internal.LifecycleStarter.execute(LifecycleStarter.java:118)[m
[[1;31mERROR[m] [1;31m	at org.apache.maven.DefaultMaven.doExecute(DefaultMaven.java:261)[m
[[1;31mERROR[m] [1;31m	at org.apache.maven.DefaultMaven.doExecute(DefaultMaven.java:173)[m
[[1;31mERROR[m] [1;31m	at org.apache.maven.DefaultMaven.execute(DefaultMaven.java:101)[m
[[1;31mERROR[m] [1;31m	at org.apache.maven.cli.MavenCli.execute(MavenCli.java:919)[m
[[1;31mERROR[m] [1;31m	at org.apache.maven.cli.MavenCli.doMain(MavenCli.java:285)[m
[[1;31mERROR[m] [1;31m	at org.apache.maven.cli.MavenCli.main(MavenCli.java:207)[m
[[1;31mERROR[m] [1;31m	at java.base/jdk.internal.reflect.NativeMethodAccessorImpl.invoke0(Native Method)[m
[[1;31mERROR[m] [1;31m	at java.base/jdk.internal.reflect.NativeMethodAccessorImpl.invoke(NativeMethodAccessorImpl.java:62)[m
[[1;31mERROR[m] [1;31m	at java.base/jdk.internal.reflect.DelegatingMethodAccessorImpl.invoke(DelegatingMethodAccessorImpl.java:43)[m
[[1;31mERROR[m] [1;31m	at java.base/java.lang.reflect.Method.invoke(Method.java:566)[m
[[1;31mERROR[m] [1;31m	at org.codehaus.plexus.classworlds.launcher.Launcher.launchEnhanced(Launcher.java:283)[m
[[1;31mERROR[m] [1;31m	at org.codehaus.plexus.classworlds.launcher.Launcher.launch(Launcher.java:226)[m
[[1;31mERROR[m] [1;31m	at org.codehaus.plexus.classworlds.launcher.Launcher.mainWithExitCode(Launcher.java:407)[m
[[1;31mERROR[m] [1;31m	at org.codehaus.plexus.classworlds.launcher.Launcher.main(Launcher.java:348)[m
[[1;31mERROR[m] [1;31m[m
[[1;31mERROR[m] -> [1m[Help 1][m
[[1;31mERROR[m] 
[[1;31mERROR[m] To see the full stack trace of the errors, re-run Maven with the [1m-e[m switch.
[[1;31mERROR[m] Re-run Maven using the [1m-X[m switch to enable full debug logging.
[[1;31mERROR[m] 
[[1;31mERROR[m] For more information about the errors and possible solutions, please read the following articles:
[[1;31mERROR[m] [1m[Help 1][m http://cwiki.apache.org/confluence/display/MAVEN/MojoExecutionException
